Archive member included because of file (symbol)

E:/Freescale/CW MCU v10.5/MCU/ARM_GCC_Support/ewl/lib/armv6-m\libc.a(puts.o)
                              ./Sources/Test.o (puts)
E:/Freescale/CW MCU v10.5/MCU/ARM_GCC_Support/ewl/lib/armv6-m\libc.a(alloc.o)
                              ./Sources/SPI.o (malloc)
E:/Freescale/CW MCU v10.5/MCU/ARM_GCC_Support/ewl/lib/armv6-m\libc.a(exit.o)
                              ./Project_Settings/Startup_Code/__arm_start.o (exit)
E:/Freescale/CW MCU v10.5/MCU/ARM_GCC_Support/ewl/lib/armv6-m\libc.a(memcpy.o)
                              ./Sources/ADC.o (memcpy)
E:/Freescale/CW MCU v10.5/MCU/ARM_GCC_Support/ewl/lib/armv6-m\libc.a(memset.o)
                              ./Project_Settings/Startup_Code/__arm_start.o (memset)
E:/Freescale/CW MCU v10.5/MCU/ARM_GCC_Support/ewl/lib/armv6-m\libc.a(__putchar.o)
                              E:/Freescale/CW MCU v10.5/MCU/ARM_GCC_Support/ewl/lib/armv6-m\libc.a(puts.o) (__put_char)
E:/Freescale/CW MCU v10.5/MCU/ARM_GCC_Support/ewl/lib/armv6-m\libc.a(ansi_files.o)
                              E:/Freescale/CW MCU v10.5/MCU/ARM_GCC_Support/ewl/lib/armv6-m\libc.a(puts.o) (__files)
E:/Freescale/CW MCU v10.5/MCU/ARM_GCC_Support/ewl/lib/armv6-m\libc.a(fflush.o)
                              E:/Freescale/CW MCU v10.5/MCU/ARM_GCC_Support/ewl/lib/armv6-m\libc.a(ansi_files.o) (fflush)
E:/Freescale/CW MCU v10.5/MCU/ARM_GCC_Support/ewl/lib/armv6-m\libc.a(__filll_mem.o)
                              E:/Freescale/CW MCU v10.5/MCU/ARM_GCC_Support/ewl/lib/armv6-m\libc.a(memset.o) (__fill_mem)
E:/Freescale/CW MCU v10.5/MCU/ARM_GCC_Support/ewl/lib/armv6-m\libc.a(__buffer_io.o)
                              E:/Freescale/CW MCU v10.5/MCU/ARM_GCC_Support/ewl/lib/armv6-m\libc.a(__putchar.o) (__prep_buffer)
e:/freescale/cw mcu v10.5/cross_tools/arm-none-eabi-gcc-4_7_3/bin/../lib/gcc/arm-none-eabi/4.7.3/armv6-m\libgcc.a(_udivsi3.o)
                              ./Sources/Utilities.o (__aeabi_uidiv)
e:/freescale/cw mcu v10.5/cross_tools/arm-none-eabi-gcc-4_7_3/bin/../lib/gcc/arm-none-eabi/4.7.3/armv6-m\libgcc.a(_dvmd_tls.o)
                              e:/freescale/cw mcu v10.5/cross_tools/arm-none-eabi-gcc-4_7_3/bin/../lib/gcc/arm-none-eabi/4.7.3/armv6-m\libgcc.a(_udivsi3.o) (__aeabi_idiv0)
E:/Freescale/CW MCU v10.5/MCU/ARM_GCC_Support/ewl/lib/armv6-m\librt.a(gcc_ctor_dtor.o)
                              ./Project_Settings/Startup_Code/__arm_start.o (__init_cpp)
E:/Freescale/CW MCU v10.5/MCU/ARM_GCC_Support/ewl/lib/armv6-m\librt.a(ROMCopy.o)
                              ./Project_Settings/Startup_Code/__arm_start.o (__copy_rom_sections_to_ram)
E:/Freescale/CW MCU v10.5/MCU/ARM_GCC_Support/ewl/lib/armv6-m\librt.a(__arm_eabi_init.o)
                              E:/Freescale/CW MCU v10.5/MCU/ARM_GCC_Support/ewl/lib/armv6-m\libc.a(exit.o) (__destroy_global_chain)

Allocating common symbols
Common symbol       size              file

portC4DevData       0x4               ./Sources/Utilities.o
slaveSPITxDMADevData
                    0x4               ./Sources/Utilities.o
tARM                0x1980            ./Sources/Utilities.o
tADC                0x68              ./Sources/Utilities.o
slaveSPI1DevData    0x4               ./Sources/Utilities.o
tADCPtr             0x8               ./Sources/Utilities.o
portE0DevData       0x4               ./Sources/Utilities.o
masterSPITxDMADevData
                    0x4               ./Sources/Utilities.o
stdout_buff         0x40              E:/Freescale/CW MCU v10.5/MCU/ARM_GCC_Support/ewl/lib/armv6-m\libc.a(ansi_files.o)
masterSPI0DevData   0x4               ./Sources/Utilities.o
dmaControllerDevData
                    0x4               ./Sources/Utilities.o
portA5DevData       0x4               ./Sources/Utilities.o
portC8DevData       0x4               ./Sources/Utilities.o
portE29DevData      0x4               ./Sources/Utilities.o
tMCUPtr             0x4               ./Sources/Utilities.o
portA2DevData       0x4               ./Sources/Utilities.o
portB1DevData       0x4               ./Sources/Utilities.o
SR_reg              0x1               ./Generated_Code/Cpu.o
tARMPtr             0x4               ./Sources/Utilities.o
portB2DevData       0x4               ./Sources/Utilities.o
slaveSPIRxDMADevData
                    0x4               ./Sources/Utilities.o
masterSPIRxDMADevData
                    0x4               ./Sources/Utilities.o
tMCU                0x1804            ./Sources/Utilities.o
stdin_buff          0x40              E:/Freescale/CW MCU v10.5/MCU/ARM_GCC_Support/ewl/lib/armv6-m\libc.a(ansi_files.o)
portE1DevData       0x4               ./Sources/Utilities.o
portA1DevData       0x4               ./Sources/Utilities.o
stderr_buff         0x40              E:/Freescale/CW MCU v10.5/MCU/ARM_GCC_Support/ewl/lib/armv6-m\libc.a(ansi_files.o)

Discarded input sections

[...]
Memory Configuration

Name             Origin             Length             Attributes
m_interrupts     0x00000000         0x000000c0         xr
m_text_000000C0  0x000000c0         0x00000340         xr
m_text           0x00000410         0x0001fbf0         xr
m_data           0x1ffff000         0x00004000         rw
m_cfmprotrom     0x00000400         0x00000010         xr
*default*        0x00000000         0xffffffff

Linker script and memory map

LOAD ./Generated_Code/Vectors.o
LOAD ./Generated_Code/SysTick.o
LOAD ./Generated_Code/SS_SPI1.o
LOAD ./Generated_Code/SM_SPI0.o
LOAD ./Generated_Code/PE_LDD.o
LOAD ./Generated_Code/EINT_SYNC_INT.o
LOAD ./Generated_Code/EINT_AD_NOT_DRDY0.o
LOAD ./Generated_Code/DMA_CTRL.o
LOAD ./Generated_Code/DMAT_S_SPI_TX.o
LOAD ./Generated_Code/DMAT_S_SPI_RX.o
LOAD ./Generated_Code/DMAT_M_SPI_TX.o
LOAD ./Generated_Code/DMAT_M_SPI_RX.o
LOAD ./Generated_Code/Cpu.o
LOAD ./Generated_Code/BitIO_UPRDY.o
LOAD ./Generated_Code/BitIO_AD_START0.o
LOAD ./Generated_Code/BitIO_AD_NOT_RESET1.o
LOAD ./Generated_Code/BitIO_AD_NOT_RESET0.o
LOAD ./Generated_Code/BitIO_AD_NOT_CS1.o
LOAD ./Generated_Code/BitIO_AD_NOT_CS0.o
LOAD ./Project_Settings/Startup_Code/__arm_start.o
LOAD ./Project_Settings/Startup_Code/__arm_end.o
LOAD ./Sources/sa_mtb.o
LOAD ./Sources/Utilities.o
LOAD ./Sources/Test.o
LOAD ./Sources/SPI.o
LOAD ./Sources/ProcessorExpert.o
LOAD ./Sources/Process.o
LOAD ./Sources/Macros.o
LOAD ./Sources/LPF.o
LOAD ./Sources/Init.o
LOAD ./Sources/Events.o
LOAD ./Sources/ADC.o
START GROUP
LOAD E:/Freescale/CW MCU v10.5/MCU/ARM_GCC_Support/ewl/lib/armv6-m\libc.a
LOAD E:/Freescale/CW MCU v10.5/MCU/ARM_GCC_Support/ewl/lib/armv6-m\libm.a
LOAD e:/freescale/cw mcu v10.5/cross_tools/arm-none-eabi-gcc-4_7_3/bin/../lib/gcc/arm-none-eabi/4.7.3/armv6-m\libgcc.a
LOAD E:/Freescale/CW MCU v10.5/MCU/ARM_GCC_Support/ewl/lib/armv6-m\librt.a
END GROUP
                0x20003000                _estack = 0x20003000
                0x20003000                __SP_INIT = _estack
                0x00000200                __heap_size = 0x200
                0x00000200                __stack_size = 0x200

.interrupts     0x00000000       0xc0
                0x00000000                __vector_table = .
                0x00000000                . = ALIGN (0x4)
 *(.vectortable)
 .vectortable   0x00000000       0xc0 ./Generated_Code/Vectors.o
                0x00000000                __vect_table
                0x000000c0                . = ALIGN (0x4)

.cfmprotect     0x00000400       0x10
                0x00000400                . = ALIGN (0x4)
 *(.cfmconfig)
 .cfmconfig     0x00000400       0x10 ./Generated_Code/Cpu.o
                0x00000400                _cfm
                0x00000410                . = ALIGN (0x4)

.text           0x00000410     0x4504
                0x00000410                . = ALIGN (0x4)
 *(.text)
 .text          0x00000410       0x9c e:/freescale/cw mcu v10.5/cross_tools/arm-none-eabi-gcc-4_7_3/bin/../lib/gcc/arm-none-eabi/4.7.3/armv6-m\libgcc.a(_udivsi3.o)
                0x00000410                __aeabi_uidiv
                0x00000410                __udivsi3
                0x00000498                __aeabi_uidivmod
 .text          0x000004ac        0x4 e:/freescale/cw mcu v10.5/cross_tools/arm-none-eabi-gcc-4_7_3/bin/../lib/gcc/arm-none-eabi/4.7.3/armv6-m\libgcc.a(_dvmd_tls.o)
                0x000004ac                __aeabi_idiv0
                0x000004ac                __aeabi_ldiv0
 *(.text*)
 .text.SysTick_Init
                0x000004b0       0x24 ./Generated_Code/SysTick.o
                0x000004b0                SysTick_Init
 .text.SS_SPI1_Init
                0x000004d4       0xc4 ./Generated_Code/SS_SPI1.o
                0x000004d4                SS_SPI1_Init
 .text.SS_SPI1_Enable
                0x00000598       0x28 ./Generated_Code/SS_SPI1.o
                0x00000598                SS_SPI1_Enable
 .text.HWEnDi   0x000005c0       0x44 ./Generated_Code/SS_SPI1.o
 .text.SM_SPI0_Init
                0x00000604       0xd0 ./Generated_Code/SM_SPI0.o
                0x00000604                SM_SPI0_Init
 .text.SM_SPI0_Enable
                0x000006d4       0x28 ./Generated_Code/SM_SPI0.o
                0x000006d4                SM_SPI0_Enable
 .text.SM_SPI0_ReceiveBlock
                0x000006fc       0x68 ./Generated_Code/SM_SPI0.o
                0x000006fc                SM_SPI0_ReceiveBlock
 .text.SM_SPI0_SendBlock
                0x00000764       0x54 ./Generated_Code/SM_SPI0.o
                0x00000764                SM_SPI0_SendBlock
 .text.SM_SPI0_GetBlockSentStatus
                0x000007b8       0x34 ./Generated_Code/SM_SPI0.o
                0x000007b8                SM_SPI0_GetBlockSentStatus
 .text.SM_SPI0_GetBlockReceivedStatus
                0x000007ec       0x3c ./Generated_Code/SM_SPI0.o
                0x000007ec                SM_SPI0_GetBlockReceivedStatus
 .text.SM_SPI0_Main
                0x00000828       0xc8 ./Generated_Code/SM_SPI0.o
                0x00000828                SM_SPI0_Main
 .text.HWEnDi   0x000008f0       0x5c ./Generated_Code/SM_SPI0.o
 .text.EINT_SYNC_INT_Init
                0x0000094c       0x80 ./Generated_Code/EINT_SYNC_INT.o
                0x0000094c                EINT_SYNC_INT_Init
 .text.EINT_SYNC_INT_Enable
                0x000009cc       0x40 ./Generated_Code/EINT_SYNC_INT.o
                0x000009cc                EINT_SYNC_INT_Enable
 .text.EINT_SYNC_INT_Interrupt
                0x00000a0c       0x4c ./Generated_Code/EINT_SYNC_INT.o
                0x00000a0c                EINT_SYNC_INT_Interrupt
 .text.EINT_AD_NOT_DRDY0_Init
                0x00000a58       0x80 ./Generated_Code/EINT_AD_NOT_DRDY0.o
                0x00000a58                EINT_AD_NOT_DRDY0_Init
 .text.EINT_AD_NOT_DRDY0_Enable
                0x00000ad8       0x40 ./Generated_Code/EINT_AD_NOT_DRDY0.o
                0x00000ad8                EINT_AD_NOT_DRDY0_Enable
 .text.EINT_AD_NOT_DRDY0_Interrupt
                0x00000b18       0x4c ./Generated_Code/EINT_AD_NOT_DRDY0.o
                0x00000b18                EINT_AD_NOT_DRDY0_Interrupt
 .text.DMA_CTRL_Init
                0x00000b64      0x264 ./Generated_Code/DMA_CTRL.o
                0x00000b64                DMA_CTRL_Init
 .text.DMA_CTRL_Enable
                0x00000dc8       0x18 ./Generated_Code/DMA_CTRL.o
                0x00000dc8                DMA_CTRL_Enable
 .text.DMA_CTRL_AllocateChannel
                0x00000de0       0x6c ./Generated_Code/DMA_CTRL.o
                0x00000de0                DMA_CTRL_AllocateChannel
 .text.DMA_CTRL_EnableChannel
                0x00000e4c      0x6dc ./Generated_Code/DMA_CTRL.o
                0x00000e4c                DMA_CTRL_EnableChannel
 .text.DMA_CTRL_DisableChannel
                0x00001528       0xcc ./Generated_Code/DMA_CTRL.o
                0x00001528                DMA_CTRL_DisableChannel
 .text.DMA_CTRL_SetChannelSourceAddress
                0x000015f4       0x78 ./Generated_Code/DMA_CTRL.o
                0x000015f4                DMA_CTRL_SetChannelSourceAddress
 .text.DMA_CTRL_SetChannelDestinationAddress
                0x0000166c       0x78 ./Generated_Code/DMA_CTRL.o
                0x0000166c                DMA_CTRL_SetChannelDestinationAddress
 .text.DMA_CTRL_SetChannelByteCount
                0x000016e4       0xac ./Generated_Code/DMA_CTRL.o
                0x000016e4                DMA_CTRL_SetChannelByteCount
 .text.VerifyDescriptor
                0x00001790      0x10c ./Generated_Code/DMA_CTRL.o
 .text.GetChannelNumber
                0x0000189c       0x4c ./Generated_Code/DMA_CTRL.o
 .text.GetRecord
                0x000018e8       0x58 ./Generated_Code/DMA_CTRL.o
 .text.DMA_CTRL_Channel0Interrupt
                0x00001940       0x94 ./Generated_Code/DMA_CTRL.o
                0x00001940                DMA_CTRL_Channel0Interrupt
 .text.DMA_CTRL_Channel1Interrupt
                0x000019d4       0x94 ./Generated_Code/DMA_CTRL.o
                0x000019d4                DMA_CTRL_Channel1Interrupt
 .text.DMA_CTRL_Channel2Interrupt
                0x00001a68       0x94 ./Generated_Code/DMA_CTRL.o
                0x00001a68                DMA_CTRL_Channel2Interrupt
 .text.DMA_CTRL_Channel3Interrupt
                0x00001afc       0x94 ./Generated_Code/DMA_CTRL.o
                0x00001afc                DMA_CTRL_Channel3Interrupt
 .text.DMAT_S_SPI_TX_Init
                0x00001b90      0x150 ./Generated_Code/DMAT_S_SPI_TX.o
                0x00001b90                DMAT_S_SPI_TX_Init
 .text.DMAT_S_SPI_TX_AllocateChannel
                0x00001ce0       0x24 ./Generated_Code/DMAT_S_SPI_TX.o
                0x00001ce0                DMAT_S_SPI_TX_AllocateChannel
 .text.DMAT_S_SPI_TX_EnableChannel
                0x00001d04       0x24 ./Generated_Code/DMAT_S_SPI_TX.o
                0x00001d04                DMAT_S_SPI_TX_EnableChannel
 .text.DMAT_S_SPI_TX_SetSourceAddress
                0x00001d28       0x28 ./Generated_Code/DMAT_S_SPI_TX.o
                0x00001d28                DMAT_S_SPI_TX_SetSourceAddress
 .text.DMAT_S_SPI_TX_SetByteCount
                0x00001d50       0x28 ./Generated_Code/DMAT_S_SPI_TX.o
                0x00001d50                DMAT_S_SPI_TX_SetByteCount
 .text.DMAT_S_SPI_RX_Init
                0x00001d78      0x150 ./Generated_Code/DMAT_S_SPI_RX.o
                0x00001d78                DMAT_S_SPI_RX_Init
 .text.DMAT_S_SPI_RX_AllocateChannel
                0x00001ec8       0x24 ./Generated_Code/DMAT_S_SPI_RX.o
                0x00001ec8                DMAT_S_SPI_RX_AllocateChannel
 .text.DMAT_S_SPI_RX_DisableChannel
                0x00001eec       0x24 ./Generated_Code/DMAT_S_SPI_RX.o
                0x00001eec                DMAT_S_SPI_RX_DisableChannel
 .text.DMAT_M_SPI_TX_Init
                0x00001f10      0x150 ./Generated_Code/DMAT_M_SPI_TX.o
                0x00001f10                DMAT_M_SPI_TX_Init
 .text.DMAT_M_SPI_TX_AllocateChannel
                0x00002060       0x24 ./Generated_Code/DMAT_M_SPI_TX.o
                0x00002060                DMAT_M_SPI_TX_AllocateChannel
 .text.DMAT_M_SPI_TX_EnableChannel
                0x00002084       0x24 ./Generated_Code/DMAT_M_SPI_TX.o
                0x00002084                DMAT_M_SPI_TX_EnableChannel
 .text.DMAT_M_SPI_TX_SetSourceAddress
                0x000020a8       0x28 ./Generated_Code/DMAT_M_SPI_TX.o
                0x000020a8                DMAT_M_SPI_TX_SetSourceAddress
 .text.DMAT_M_SPI_TX_SetByteCount
                0x000020d0       0x28 ./Generated_Code/DMAT_M_SPI_TX.o
                0x000020d0                DMAT_M_SPI_TX_SetByteCount
 .text.DMAT_M_SPI_RX_Init
                0x000020f8      0x150 ./Generated_Code/DMAT_M_SPI_RX.o
                0x000020f8                DMAT_M_SPI_RX_Init
 .text.DMAT_M_SPI_RX_AllocateChannel
                0x00002248       0x24 ./Generated_Code/DMAT_M_SPI_RX.o
                0x00002248                DMAT_M_SPI_RX_AllocateChannel
 .text.DMAT_M_SPI_RX_EnableChannel
                0x0000226c       0x24 ./Generated_Code/DMAT_M_SPI_RX.o
                0x0000226c                DMAT_M_SPI_RX_EnableChannel
 .text.DMAT_M_SPI_RX_SetDestinationAddress
                0x00002290       0x28 ./Generated_Code/DMAT_M_SPI_RX.o
                0x00002290                DMAT_M_SPI_RX_SetDestinationAddress
 .text.DMAT_M_SPI_RX_SetByteCount
                0x000022b8       0x28 ./Generated_Code/DMAT_M_SPI_RX.o
                0x000022b8                DMAT_M_SPI_RX_SetByteCount
 .text.Cpu_ivINT_PORTA
                0x000022e0       0x10 ./Generated_Code/Cpu.o
                0x000022e0                Cpu_ivINT_PORTA
 .text.Cpu_INT_NMIInterrupt
                0x000022f0        0xc ./Generated_Code/Cpu.o
                0x000022f0                Cpu_INT_NMIInterrupt
 .text.Cpu_ivINT_Hard_Fault
                0x000022fc        0xc ./Generated_Code/Cpu.o
                0x000022fc                Cpu_ivINT_Hard_Fault
 .text.Cpu_ivINT_Reserved4
                0x00002308        0xc ./Generated_Code/Cpu.o
                0x00002308                Cpu_ivINT_Reserved4
 .text.Cpu_ivINT_Reserved5
                0x00002314        0xc ./Generated_Code/Cpu.o
                0x00002314                Cpu_ivINT_Reserved5
 .text.Cpu_ivINT_Reserved6
                0x00002320        0xc ./Generated_Code/Cpu.o
                0x00002320                Cpu_ivINT_Reserved6
 .text.Cpu_ivINT_Reserved7
                0x0000232c        0xc ./Generated_Code/Cpu.o
                0x0000232c                Cpu_ivINT_Reserved7
 .text.Cpu_ivINT_Reserved8
                0x00002338        0xc ./Generated_Code/Cpu.o
                0x00002338                Cpu_ivINT_Reserved8
 .text.Cpu_ivINT_Reserved9
                0x00002344        0xc ./Generated_Code/Cpu.o
                0x00002344                Cpu_ivINT_Reserved9
 .text.Cpu_ivINT_Reserved10
                0x00002350        0xc ./Generated_Code/Cpu.o
                0x00002350                Cpu_ivINT_Reserved10
 .text.Cpu_ivINT_SVCall
                0x0000235c        0xc ./Generated_Code/Cpu.o
                0x0000235c                Cpu_ivINT_SVCall
 .text.Cpu_ivINT_Reserved12
                0x00002368        0xc ./Generated_Code/Cpu.o
                0x00002368                Cpu_ivINT_Reserved12
 .text.Cpu_ivINT_Reserved13
                0x00002374        0xc ./Generated_Code/Cpu.o
                0x00002374                Cpu_ivINT_Reserved13
 .text.Cpu_ivINT_PendableSrvReq
                0x00002380        0xc ./Generated_Code/Cpu.o
                0x00002380                Cpu_ivINT_PendableSrvReq
 .text.Cpu_ivINT_Reserved20
                0x0000238c        0xc ./Generated_Code/Cpu.o
                0x0000238c                Cpu_ivINT_Reserved20
 .text.Cpu_ivINT_FTFA
                0x00002398        0xc ./Generated_Code/Cpu.o
                0x00002398                Cpu_ivINT_FTFA
 .text.Cpu_ivINT_LVD_LVW
                0x000023a4        0xc ./Generated_Code/Cpu.o
                0x000023a4                Cpu_ivINT_LVD_LVW
 .text.Cpu_ivINT_LLW
                0x000023b0        0xc ./Generated_Code/Cpu.o
                0x000023b0                Cpu_ivINT_LLW
 .text.Cpu_ivINT_I2C0
                0x000023bc        0xc ./Generated_Code/Cpu.o
                0x000023bc                Cpu_ivINT_I2C0
 .text.Cpu_ivINT_I2C1
                0x000023c8        0xc ./Generated_Code/Cpu.o
                0x000023c8                Cpu_ivINT_I2C1
 .text.Cpu_ivINT_SPI0
                0x000023d4        0xc ./Generated_Code/Cpu.o
                0x000023d4                Cpu_ivINT_SPI0
 .text.Cpu_ivINT_SPI1
                0x000023e0        0xc ./Generated_Code/Cpu.o
                0x000023e0                Cpu_ivINT_SPI1
 .text.Cpu_ivINT_UART0
                0x000023ec        0xc ./Generated_Code/Cpu.o
                0x000023ec                Cpu_ivINT_UART0
 .text.Cpu_ivINT_UART1
                0x000023f8        0xc ./Generated_Code/Cpu.o
                0x000023f8                Cpu_ivINT_UART1
 .text.Cpu_ivINT_UART2
                0x00002404        0xc ./Generated_Code/Cpu.o
                0x00002404                Cpu_ivINT_UART2
 .text.Cpu_ivINT_ADC0
                0x00002410        0xc ./Generated_Code/Cpu.o
                0x00002410                Cpu_ivINT_ADC0
 .text.Cpu_ivINT_CMP0
                0x0000241c        0xc ./Generated_Code/Cpu.o
                0x0000241c                Cpu_ivINT_CMP0
 .text.Cpu_ivINT_TPM0
                0x00002428        0xc ./Generated_Code/Cpu.o
                0x00002428                Cpu_ivINT_TPM0
 .text.Cpu_ivINT_TPM1
                0x00002434        0xc ./Generated_Code/Cpu.o
                0x00002434                Cpu_ivINT_TPM1
 .text.Cpu_ivINT_TPM2
                0x00002440        0xc ./Generated_Code/Cpu.o
                0x00002440                Cpu_ivINT_TPM2
 .text.Cpu_ivINT_RTC
                0x0000244c        0xc ./Generated_Code/Cpu.o
                0x0000244c                Cpu_ivINT_RTC
 .text.Cpu_ivINT_RTC_Seconds
                0x00002458        0xc ./Generated_Code/Cpu.o
                0x00002458                Cpu_ivINT_RTC_Seconds
 .text.Cpu_ivINT_PIT
                0x00002464        0xc ./Generated_Code/Cpu.o
                0x00002464                Cpu_ivINT_PIT
 .text.Cpu_ivINT_Reserved39
                0x00002470        0xc ./Generated_Code/Cpu.o
                0x00002470                Cpu_ivINT_Reserved39
 .text.Cpu_ivINT_USB0
                0x0000247c        0xc ./Generated_Code/Cpu.o
                0x0000247c                Cpu_ivINT_USB0
 .text.Cpu_ivINT_DAC0
                0x00002488        0xc ./Generated_Code/Cpu.o
                0x00002488                Cpu_ivINT_DAC0
 .text.Cpu_ivINT_TSI0
                0x00002494        0xc ./Generated_Code/Cpu.o
                0x00002494                Cpu_ivINT_TSI0
 .text.Cpu_ivINT_MCG
                0x000024a0        0xc ./Generated_Code/Cpu.o
                0x000024a0                Cpu_ivINT_MCG
 .text.Cpu_ivINT_LPTimer
                0x000024ac        0xc ./Generated_Code/Cpu.o
                0x000024ac                Cpu_ivINT_LPTimer
 .text.Cpu_ivINT_Reserved45
                0x000024b8        0xc ./Generated_Code/Cpu.o
                0x000024b8                Cpu_ivINT_Reserved45
 .text.Cpu_ivINT_PORTD
                0x000024c4        0xc ./Generated_Code/Cpu.o
                0x000024c4                Cpu_ivINT_PORTD
 .text.__init_hardware
                0x000024d0      0x174 ./Generated_Code/Cpu.o
                0x000024d0                __init_hardware
 .text.PE_low_level_init
                0x00002644       0xf0 ./Generated_Code/Cpu.o
                0x00002644                PE_low_level_init
 .text.BitIO_UPRDY_Init
                0x00002734       0x4c ./Generated_Code/BitIO_UPRDY.o
                0x00002734                BitIO_UPRDY_Init
 .text.BitIO_UPRDY_ClrVal
                0x00002780       0x1c ./Generated_Code/BitIO_UPRDY.o
                0x00002780                BitIO_UPRDY_ClrVal
 .text.BitIO_UPRDY_SetVal
                0x0000279c       0x1c ./Generated_Code/BitIO_UPRDY.o
                0x0000279c                BitIO_UPRDY_SetVal
 .text.BitIO_AD_START0_Init
                0x000027b8       0x48 ./Generated_Code/BitIO_AD_START0.o
                0x000027b8                BitIO_AD_START0_Init
 .text.BitIO_AD_NOT_RESET1_Init
                0x00002800       0x4c ./Generated_Code/BitIO_AD_NOT_RESET1.o
                0x00002800                BitIO_AD_NOT_RESET1_Init
 .text.BitIO_AD_NOT_RESET1_ClrVal
                0x0000284c       0x1c ./Generated_Code/BitIO_AD_NOT_RESET1.o
                0x0000284c                BitIO_AD_NOT_RESET1_ClrVal
 .text.BitIO_AD_NOT_RESET1_SetVal
                0x00002868       0x1c ./Generated_Code/BitIO_AD_NOT_RESET1.o
                0x00002868                BitIO_AD_NOT_RESET1_SetVal
 .text.BitIO_AD_NOT_RESET0_Init
                0x00002884       0x60 ./Generated_Code/BitIO_AD_NOT_RESET0.o
                0x00002884                BitIO_AD_NOT_RESET0_Init
 .text.BitIO_AD_NOT_RESET0_ClrVal
                0x000028e4       0x18 ./Generated_Code/BitIO_AD_NOT_RESET0.o
                0x000028e4                BitIO_AD_NOT_RESET0_ClrVal
 .text.BitIO_AD_NOT_RESET0_SetVal
                0x000028fc       0x18 ./Generated_Code/BitIO_AD_NOT_RESET0.o
                0x000028fc                BitIO_AD_NOT_RESET0_SetVal
 .text.BitIO_AD_NOT_CS1_Init
                0x00002914       0x64 ./Generated_Code/BitIO_AD_NOT_CS1.o
                0x00002914                BitIO_AD_NOT_CS1_Init
 .text.BitIO_AD_NOT_CS1_ClrVal
                0x00002978       0x1c ./Generated_Code/BitIO_AD_NOT_CS1.o
                0x00002978                BitIO_AD_NOT_CS1_ClrVal
 .text.BitIO_AD_NOT_CS1_SetVal
                0x00002994       0x1c ./Generated_Code/BitIO_AD_NOT_CS1.o
                0x00002994                BitIO_AD_NOT_CS1_SetVal
 .text.BitIO_AD_NOT_CS0_Init
                0x000029b0       0x48 ./Generated_Code/BitIO_AD_NOT_CS0.o
                0x000029b0                BitIO_AD_NOT_CS0_Init
 .text.BitIO_AD_NOT_CS0_ClrVal
                0x000029f8       0x18 ./Generated_Code/BitIO_AD_NOT_CS0.o
                0x000029f8                BitIO_AD_NOT_CS0_ClrVal
 .text.BitIO_AD_NOT_CS0_SetVal
                0x00002a10       0x18 ./Generated_Code/BitIO_AD_NOT_CS0.o
                0x00002a10                BitIO_AD_NOT_CS0_SetVal
 .text.zero_fill_bss
                0x00002a28       0x24 ./Project_Settings/Startup_Code/__arm_start.o
 .text.__thumb_startup
                0x00002a4c       0x30 ./Project_Settings/Startup_Code/__arm_start.o
                0x00002a4c                __thumb_startup
 .text._ExitProcess
                0x00002a7c        0xc ./Project_Settings/Startup_Code/__arm_end.o
                0x00002a7c                _ExitProcess
 .text.DelaySomeMs
                0x00002a88       0x54 ./Sources/Utilities.o
                0x00002a88                DelaySomeMs
 .text.DelaySomeS
                0x00002adc       0x54 ./Sources/Utilities.o
                0x00002adc                DelaySomeS
 .text.SPI0ReceiveSendData
                0x00002b30      0x110 ./Sources/SPI.o
                0x00002b30                SPI0ReceiveSendData
 .text.SPI1SendData
                0x00002c40       0x9c ./Sources/SPI.o
                0x00002c40                SPI1SendData
 .text.main     0x00002cdc       0x14 ./Sources/ProcessorExpert.o
                0x00002cdc                main
 .text.MainLoop
                0x00002cf0       0x8c ./Sources/Process.o
                0x00002cf0                MainLoop
 .text.ReadADCData
                0x00002d7c       0xe0 ./Sources/Process.o
 .text.Process  0x00002e5c       0x44 ./Sources/Process.o
 .text.TransmitMCUData
                0x00002ea0       0x78 ./Sources/Process.o
                0x00002ea0                TransmitMCUData
 .text.SplitRawData
                0x00002f18      0x1ac ./Sources/Process.o
 .text.CopyADCDataToMCUData
                0x000030c4      0x1b0 ./Sources/Process.o
 .text.PackData
                0x00003274      0x128 ./Sources/Process.o
 .text.SwapARMDataBuffer
                0x0000339c      0x23c ./Sources/Process.o
                0x0000339c                SwapARMDataBuffer
 .text.UserInit
                0x000035d8       0x18 ./Sources/Init.o
                0x000035d8                UserInit
 .text.UserDataInit
                0x000035f0       0x1c ./Sources/Init.o
 .text.MCUDataInit
                0x0000360c      0x238 ./Sources/Init.o
 .text.ARMDataInit
                0x00003844      0x208 ./Sources/Init.o
 .text.OnChipInit
                0x00003a4c       0x1c ./Sources/Init.o
 .text.PeripheralInit
                0x00003a68       0x14 ./Sources/Init.o
 .text.GPIOInit
                0x00003a7c       0x88 ./Sources/Init.o
 .text.SPIInit  0x00003b04       0x3c ./Sources/Init.o
 .text.DMAInit  0x00003b40       0x8c ./Sources/Init.o
 .text.UARTInit
                0x00003bcc        0x8 ./Sources/Init.o
 .text.Cpu_OnNMIINT
                0x00003bd4        0x8 ./Sources/Events.o
                0x00003bd4                Cpu_OnNMIINT
 .text.EINT_AD_NOT_DRDY0_OnInterrupt
                0x00003bdc       0x20 ./Sources/Events.o
                0x00003bdc                EINT_AD_NOT_DRDY0_OnInterrupt
 .text.EINT_SYNC_INT_OnInterrupt
                0x00003bfc       0x4c ./Sources/Events.o
                0x00003bfc                EINT_SYNC_INT_OnInterrupt
 .text.SysTick_OnInterrupt
                0x00003c48        0x8 ./Sources/Events.o
                0x00003c48                SysTick_OnInterrupt
 .text.SysTick_Interrupt
                0x00003c50       0x34 ./Sources/Events.o
                0x00003c50                SysTick_Interrupt
 .text.DMAT_M_SPI_RX_OnComplete
                0x00003c84       0x20 ./Sources/Events.o
                0x00003c84                DMAT_M_SPI_RX_OnComplete
 .text.DMAT_M_SPI_RX_OnError
                0x00003ca4       0x10 ./Sources/Events.o
                0x00003ca4                DMAT_M_SPI_RX_OnError
 .text.DMAT_M_SPI_TX_OnComplete
                0x00003cb4       0x20 ./Sources/Events.o
                0x00003cb4                DMAT_M_SPI_TX_OnComplete
 .text.DMAT_M_SPI_TX_OnError
                0x00003cd4       0x10 ./Sources/Events.o
                0x00003cd4                DMAT_M_SPI_TX_OnError
 .text.DMAT_S_SPI_RX_OnComplete
                0x00003ce4       0x20 ./Sources/Events.o
                0x00003ce4                DMAT_S_SPI_RX_OnComplete
 .text.DMAT_S_SPI_RX_OnError
                0x00003d04       0x10 ./Sources/Events.o
                0x00003d04                DMAT_S_SPI_RX_OnError
 .text.DMAT_S_SPI_TX_OnComplete
                0x00003d14       0x54 ./Sources/Events.o
                0x00003d14                DMAT_S_SPI_TX_OnComplete
 .text.DMAT_S_SPI_TX_OnError
                0x00003d68       0x10 ./Sources/Events.o
                0x00003d68                DMAT_S_SPI_TX_OnError
 .text.ADCInit  0x00003d78       0x38 ./Sources/ADC.o
                0x00003d78                ADCInit
 .text.ADCConfigure
                0x00003db0      0x2fc ./Sources/ADC.o
                0x00003db0                ADCConfigure
 .text.ADCResetByHardware
                0x000040ac       0x84 ./Sources/ADC.o
                0x000040ac                ADCResetByHardware
 .text.ADCSendCommand
                0x00004130       0x80 ./Sources/ADC.o
                0x00004130                ADCSendCommand
 .text.ADCReadRegister
                0x000041b0      0x11c ./Sources/ADC.o
                0x000041b0                ADCReadRegister
 .text.ADCWriteRegister
                0x000042cc      0x15c ./Sources/ADC.o
                0x000042cc                ADCWriteRegister
 .text.ADCReadContinuousData
                0x00004428       0x90 ./Sources/ADC.o
                0x00004428                ADCReadContinuousData
 .text.ADCDataInit
                0x000044b8       0xa0 ./Sources/ADC.o
                0x000044b8                ADCDataInit
 .text.EnableADCSPI
                0x00004558       0x58 ./Sources/ADC.o
                0x00004558                EnableADCSPI
 .text.DisableADCSPI
                0x000045b0       0x44 ./Sources/ADC.o
                0x000045b0                DisableADCSPI
 .text.CheckCommand
                0x000045f4       0xdc ./Sources/ADC.o
 .text.exit     0x000046d0       0x38 E:/Freescale/CW MCU v10.5/MCU/ARM_GCC_Support/ewl/lib/armv6-m\libc.a(exit.o)
                0x000046d0                exit
 .text.memcpy   0x00004708       0x12 E:/Freescale/CW MCU v10.5/MCU/ARM_GCC_Support/ewl/lib/armv6-m\libc.a(memcpy.o)
                0x00004708                memcpy
 .text.memset   0x0000471a        0xc E:/Freescale/CW MCU v10.5/MCU/ARM_GCC_Support/ewl/lib/armv6-m\libc.a(memset.o)
                0x0000471a                memset
 .text.__fill_mem
                0x00004726       0x7e E:/Freescale/CW MCU v10.5/MCU/ARM_GCC_Support/ewl/lib/armv6-m\libc.a(__filll_mem.o)
                0x00004726                __fill_mem
 .text.__init_cpp
                0x000047a4       0x48 E:/Freescale/CW MCU v10.5/MCU/ARM_GCC_Support/ewl/lib/armv6-m\librt.a(gcc_ctor_dtor.o)
                0x000047a4                __init_cpp
 .text.__fini_cpp
                0x000047ec       0x34 E:/Freescale/CW MCU v10.5/MCU/ARM_GCC_Support/ewl/lib/armv6-m\librt.a(gcc_ctor_dtor.o)
                0x000047ec                __fini_cpp
 .text.__copy_rom_section
                0x00004820       0x48 E:/Freescale/CW MCU v10.5/MCU/ARM_GCC_Support/ewl/lib/armv6-m\librt.a(ROMCopy.o)
                0x00004820                __copy_rom_section
 .text.__copy_rom_sections_to_ram
                0x00004868       0x34 E:/Freescale/CW MCU v10.5/MCU/ARM_GCC_Support/ewl/lib/armv6-m\librt.a(ROMCopy.o)
                0x00004868                __copy_rom_sections_to_ram
 .text.__destroy_global_chain
                0x0000489c       0x1c E:/Freescale/CW MCU v10.5/MCU/ARM_GCC_Support/ewl/lib/armv6-m\librt.a(__arm_eabi_init.o)
                0x0000489c                __destroy_global_chain
 .text.__init_registers
                0x000048b8       0x1c E:/Freescale/CW MCU v10.5/MCU/ARM_GCC_Support/ewl/lib/armv6-m\librt.a(__arm_eabi_init.o)
                0x000048b8                __init_registers
 .text.__init_user
                0x000048d4        0x4 E:/Freescale/CW MCU v10.5/MCU/ARM_GCC_Support/ewl/lib/armv6-m\librt.a(__arm_eabi_init.o)
                0x000048d4                __init_user
 *(.rodata)
 *(.rodata*)
 .rodata.DMA_CTRL_ChannelNumbers
                0x000048d8        0x4 ./Generated_Code/DMA_CTRL.o
 .rodata.DMA_CTRL_ChannelInterrupts
                0x000048dc        0x4 ./Generated_Code/DMA_CTRL.o
 .rodata.SwapARMDataBuffer
                0x000048e0       0x18 ./Sources/Process.o
 .rodata.MIN_DELAY_TIME
                0x000048f8        0x4 ./Sources/Macros.o
                0x000048f8                MIN_DELAY_TIME
 .rodata.PROCESSOR_CLOCK
                0x000048fc        0x4 ./Sources/Macros.o
                0x000048fc                PROCESSOR_CLOCK
 .rodata.MCU_NUMBER
                0x00004900        0x1 ./Sources/Macros.o
                0x00004900                MCU_NUMBER
 .rodata.MIN_REGISTER_READ_NUMBER
                0x00004901        0x1 ./Sources/Macros.o
                0x00004901                MIN_REGISTER_READ_NUMBER
 .rodata.MAX_REGISTER_READ_NUMBER
                0x00004902        0x1 ./Sources/Macros.o
                0x00004902                MAX_REGISTER_READ_NUMBER
 .rodata.RAW_DATA_HEAD
                0x00004903        0x1 ./Sources/Macros.o
                0x00004903                RAW_DATA_HEAD
 .rodata.CHANNEL_PACKAGE_HEAD_BIT
                0x00004904        0x1 ./Sources/Macros.o
                0x00004904                CHANNEL_PACKAGE_HEAD_BIT
 .rodata.DATA_FRAME_HEAD_BIT
                0x00004905        0x1 ./Sources/Macros.o
                0x00004905                DATA_FRAME_HEAD_BIT
 .rodata.DATA_FRAME_TAIL_BIT
                0x00004906        0x1 ./Sources/Macros.o
                0x00004906                DATA_FRAME_TAIL_BIT
 .rodata.ADC_CMD_WAKEUP
                0x00004907        0x1 ./Sources/Macros.o
                0x00004907                ADC_CMD_WAKEUP
 .rodata.ADC_CMD_STANDBY
                0x00004908        0x1 ./Sources/Macros.o
                0x00004908                ADC_CMD_STANDBY
 .rodata.ADC_CMD_RESET
                0x00004909        0x1 ./Sources/Macros.o
                0x00004909                ADC_CMD_RESET
 .rodata.ADC_CMD_START
                0x0000490a        0x1 ./Sources/Macros.o
                0x0000490a                ADC_CMD_START
 .rodata.ADC_CMD_STOP
                0x0000490b        0x1 ./Sources/Macros.o
                0x0000490b                ADC_CMD_STOP
 .rodata.ADC_CMD_RDATAC
                0x0000490c        0x1 ./Sources/Macros.o
                0x0000490c                ADC_CMD_RDATAC
 .rodata.ADC_CMD_SDATAC
                0x0000490d        0x1 ./Sources/Macros.o
                0x0000490d                ADC_CMD_SDATAC
 .rodata.ADC_CMD_RDATA
                0x0000490e        0x1 ./Sources/Macros.o
                0x0000490e                ADC_CMD_RDATA
 .rodata.ADC_REG_ID
                0x0000490f        0x1 ./Sources/Macros.o
                0x0000490f                ADC_REG_ID
 .rodata.ADC_REG_CONFIG1
                0x00004910        0x1 ./Sources/Macros.o
                0x00004910                ADC_REG_CONFIG1
 .rodata.ADC_REG_WCT2
                0x00004911        0x1 ./Sources/Macros.o
                0x00004911                ADC_REG_WCT2
 *(.glue_7)
 .glue_7        0x00000000        0x0 linker stubs
 *(.glue_7t)
 .glue_7t       0x00000000        0x0 linker stubs
 *(.eh_frame)
 *(.init)
 *(.fini)
                0x00004914                . = ALIGN (0x4)
 *fill*         0x00004912        0x2 00
                0x00004914                _etext = .

.vfp11_veneer   0x00004914        0x0
 .vfp11_veneer  0x00000000        0x0 linker stubs

.v4_bx          0x00004914        0x0
 .v4_bx         0x00000000        0x0 linker stubs

.iplt           0x00004914        0x0
 .iplt          0x00000000        0x0 ./Generated_Code/Vectors.o

.rel.dyn        0x00004914        0x0
 .rel.iplt      0x00000000        0x0 ./Generated_Code/Vectors.o

.ARM.extab
 *(.ARM.extab* .gnu.linkonce.armextab.*)

.ARM            0x00004914        0x0
                0x00004914                __exidx_start = .
 *(.ARM.exidx*)
                0x00004914                __exidx_end = .

.ctors          0x00004914        0x0
                0x00004914                __CTOR_LIST__ = .
 *crtbegin.o(.ctors)
 *(EXCLUDE_FILE(*crtend.o) .ctors)
 *(SORT(.ctors.*))
 *(.ctors)
                0x00004914                __CTOR_END__ = .

.dtors          0x00004914        0x0
                0x00004914                __DTOR_LIST__ = .
 *crtbegin.o(.dtors)
 *(EXCLUDE_FILE(*crtend.o) .dtors)
 *(SORT(.dtors.*))
 *(.dtors)
                0x00004914                __DTOR_END__ = .

.preinit_array  0x00004914        0x0
                0x00004914                PROVIDE (__preinit_array_start, .)
 *(.preinit_array*)
                0x00004914                PROVIDE (__preinit_array_end, .)

.init_array     0x00004914        0x0
                0x00004914                PROVIDE (__init_array_start, .)
 *(SORT(.init_array.*))
 *(.init_array*)
                0x00004914                PROVIDE (__init_array_end, .)

.fini_array     0x00004914        0x0
                0x00004914                PROVIDE (__fini_array_start, .)
 *(SORT(.fini_array.*))
 *(.fini_array*)
                0x00004914                PROVIDE (__fini_array_end, .)
                0x00004914                ___ROM_AT = .

.mtb            0x1ffff000        0x0
                0x1ffff000                . = ALIGN (0x8)
                0x1ffff000                _mtb_start = .
 *(.mtb_buf)
                0x1ffff000                . = ALIGN (0x8)
                0x1ffff000                _mtb_end = .

.data           0x1ffff000        0x0 load address 0x00004914
                0x1ffff000                . = ALIGN (0x4)
                0x1ffff000                _sdata = .
 *(.data)
 *(.data*)
                0x1ffff000                . = ALIGN (0x4)
                0x1ffff000                _edata = .
                0x00000000                ___data_size = (_edata - _sdata)

.igot.plt       0x1ffff000        0x0
 .igot.plt      0x00000000        0x0 ./Generated_Code/Vectors.o
                0x1ffff000                . = ALIGN (0x4)

.bss            0x1ffff000     0x346c
                0x1ffff000                __START_BSS = .
                0x1ffff000                PROVIDE (__bss_start__, __START_BSS)
 *(.bss)
 *(.bss*)
 .bss.DeviceDataPrv__DEFAULT_RTOS_ALLOC
                0x1ffff000        0xc ./Generated_Code/SS_SPI1.o
 .bss.DeviceDataPrv__DEFAULT_RTOS_ALLOC
                0x1ffff00c       0x20 ./Generated_Code/SM_SPI0.o
 .bss.PE_LDD_DeviceDataList
                0x1ffff02c       0x3c ./Generated_Code/PE_LDD.o
                0x1ffff02c                PE_LDD_DeviceDataList
 .bss.DeviceDataPrv__DEFAULT_RTOS_ALLOC
                0x1ffff068        0x8 ./Generated_Code/EINT_SYNC_INT.o
 .bss.INT_PORTA__DEFAULT_RTOS_ISRPARAM
                0x1ffff070        0x4 ./Generated_Code/EINT_SYNC_INT.o
 .bss.DeviceDataPrv__DEFAULT_RTOS_ALLOC
                0x1ffff074        0x8 ./Generated_Code/EINT_AD_NOT_DRDY0.o
 .bss.INT_PORTA__DEFAULT_RTOS_ISRPARAM
                0x1ffff07c        0x4 ./Generated_Code/EINT_AD_NOT_DRDY0.o
 .bss.DeviceDataPtr__DEFAULT_RTOS_ALLOC
                0x1ffff080       0x58 ./Generated_Code/DMA_CTRL.o
 .bss.INT_DMA0__DEFAULT_RTOS_ISRPARAM
                0x1ffff0d8        0x4 ./Generated_Code/DMA_CTRL.o
 .bss.INT_DMA1__DEFAULT_RTOS_ISRPARAM
                0x1ffff0dc        0x4 ./Generated_Code/DMA_CTRL.o
 .bss.INT_DMA2__DEFAULT_RTOS_ISRPARAM
                0x1ffff0e0        0x4 ./Generated_Code/DMA_CTRL.o
 .bss.INT_DMA3__DEFAULT_RTOS_ISRPARAM
                0x1ffff0e4        0x4 ./Generated_Code/DMA_CTRL.o
 .bss.SPI1TxDMADataSourceBuffer
                0x1ffff0e8        0x4 ./Generated_Code/DMAT_S_SPI_TX.o
                0x1ffff0e8                SPI1TxDMADataSourceBuffer
 .bss.SPI1TxDMAByteCount
                0x1ffff0ec        0x1 ./Generated_Code/DMAT_S_SPI_TX.o
                0x1ffff0ec                SPI1TxDMAByteCount
 *fill*         0x1ffff0ed        0x3 00
 .bss.DeviceDataPtr__DEFAULT_RTOS_ALLOC
                0x1ffff0f0        0x8 ./Generated_Code/DMAT_S_SPI_TX.o
 .bss.DescriptorPtr__DEFAULT_RTOS_ALLOC
                0x1ffff0f8       0x34 ./Generated_Code/DMAT_S_SPI_TX.o
 .bss.SPI1RxDMADataDestinationBuffer
                0x1ffff12c        0x4 ./Generated_Code/DMAT_S_SPI_RX.o
                0x1ffff12c                SPI1RxDMADataDestinationBuffer
 .bss.SPI1RxDMAByteCount
                0x1ffff130        0x1 ./Generated_Code/DMAT_S_SPI_RX.o
                0x1ffff130                SPI1RxDMAByteCount
 *fill*         0x1ffff131        0x3 00
 .bss.DeviceDataPtr__DEFAULT_RTOS_ALLOC
                0x1ffff134        0x8 ./Generated_Code/DMAT_S_SPI_RX.o
 .bss.DescriptorPtr__DEFAULT_RTOS_ALLOC
                0x1ffff13c       0x34 ./Generated_Code/DMAT_S_SPI_RX.o
 .bss.SPI0TxDMADataSourceBuffer
                0x1ffff170        0x4 ./Generated_Code/DMAT_M_SPI_TX.o
                0x1ffff170                SPI0TxDMADataSourceBuffer
 .bss.SPI0TxDMAByteCount
                0x1ffff174        0x1 ./Generated_Code/DMAT_M_SPI_TX.o
                0x1ffff174                SPI0TxDMAByteCount
 *fill*         0x1ffff175        0x3 00
 .bss.DeviceDataPtr__DEFAULT_RTOS_ALLOC
                0x1ffff178        0x8 ./Generated_Code/DMAT_M_SPI_TX.o
 .bss.DescriptorPtr__DEFAULT_RTOS_ALLOC
                0x1ffff180       0x34 ./Generated_Code/DMAT_M_SPI_TX.o
 .bss.SPI0RxDMADataDestinationBuffer
                0x1ffff1b4        0x4 ./Generated_Code/DMAT_M_SPI_RX.o
                0x1ffff1b4                SPI0RxDMADataDestinationBuffer
 .bss.SPI0RxDMAByteCount
                0x1ffff1b8        0x1 ./Generated_Code/DMAT_M_SPI_RX.o
                0x1ffff1b8                SPI0RxDMAByteCount
 *fill*         0x1ffff1b9        0x3 00
 .bss.DeviceDataPtr__DEFAULT_RTOS_ALLOC
                0x1ffff1bc        0x8 ./Generated_Code/DMAT_M_SPI_RX.o
 .bss.DescriptorPtr__DEFAULT_RTOS_ALLOC
                0x1ffff1c4       0x34 ./Generated_Code/DMAT_M_SPI_RX.o
 .bss.SR_lock   0x1ffff1f8        0x1 ./Generated_Code/Cpu.o
                0x1ffff1f8                SR_lock
 *fill*         0x1ffff1f9        0x3 00
 .bss.DeviceDataPrv__DEFAULT_RTOS_ALLOC
                0x1ffff1fc        0x4 ./Generated_Code/BitIO_AD_NOT_RESET0.o
 .bss.DeviceDataPrv__DEFAULT_RTOS_ALLOC
                0x1ffff200        0x4 ./Generated_Code/BitIO_AD_NOT_CS1.o
 .bss.argv      0x1ffff204        0x4 ./Project_Settings/Startup_Code/__arm_start.o
 .bss.chDataCnt
                0x1ffff208        0x4 ./Sources/Process.o
 .bss.overflowCnt
                0x1ffff20c        0x1 ./Sources/Process.o
 .bss.isStart   0x1ffff20d        0x1 ./Sources/Events.o
                0x1ffff20d                isStart
 *fill*         0x1ffff20e        0x2 00
 .bss.__stdio_exit
                0x1ffff210        0x4 E:/Freescale/CW MCU v10.5/MCU/ARM_GCC_Support/ewl/lib/armv6-m\libc.a(exit.o)
                0x1ffff210                __stdio_exit
 .bss.__console_exit
                0x1ffff214        0x4 E:/Freescale/CW MCU v10.5/MCU/ARM_GCC_Support/ewl/lib/armv6-m\libc.a(exit.o)
                0x1ffff214                __console_exit
 .bss.__S_romp  0x1ffff218        0xc E:/Freescale/CW MCU v10.5/MCU/ARM_GCC_Support/ewl/lib/armv6-m\librt.a(ROMCopy.o)
 .bss.__global_destructor_chain
                0x1ffff224        0x4 E:/Freescale/CW MCU v10.5/MCU/ARM_GCC_Support/ewl/lib/armv6-m\librt.a(__arm_eabi_init.o)
                0x1ffff224                __global_destructor_chain
 *(COMMON)
 COMMON         0x1ffff228        0x1 ./Generated_Code/Cpu.o
                0x1ffff228                SR_reg
 *fill*         0x1ffff229        0x3 00
 COMMON         0x1ffff22c     0x3240 ./Sources/Utilities.o
                0x1ffff22c                portC4DevData
                0x1ffff230                slaveSPITxDMADevData
                0x1ffff234                tARM
                0x20000bb4                tADC
                0x20000c1c                slaveSPI1DevData
                0x20000c20                tADCPtr
                0x20000c28                portE0DevData
                0x20000c2c                masterSPITxDMADevData
                0x20000c30                masterSPI0DevData
                0x20000c34                dmaControllerDevData
                0x20000c38                portA5DevData
                0x20000c3c                portC8DevData
                0x20000c40                portE29DevData
                0x20000c44                tMCUPtr
                0x20000c48                portA2DevData
                0x20000c4c                portB1DevData
                0x20000c50                tARMPtr
                0x20000c54                portB2DevData
                0x20000c58                slaveSPIRxDMADevData
                0x20000c5c                masterSPIRxDMADevData
                0x20000c60                tMCU
                0x20002464                portE1DevData
                0x20002468                portA1DevData
                0x2000246c                . = ALIGN (0x4)
                0x2000246c                __END_BSS = .
                0x2000246c                PROVIDE (__bss_end__, __END_BSS)
                0x00004914                _romp_at = (___ROM_AT + SIZEOF (.data))

.romp           0x2000246c       0x18 load address 0x00004914
                0x00004914                __S_romp = _romp_at
                0x2000246c        0x4 LONG 0x4914 ___ROM_AT
                0x20002470        0x4 LONG 0x1ffff000 _sdata
                0x20002474        0x4 LONG 0x0 ___data_size
                0x20002478        0x4 LONG 0x0
                0x2000247c        0x4 LONG 0x0
                0x20002480        0x4 LONG 0x0

._user_heap_stack
                0x20002484      0x400 load address 0x0000492c
                0x20002484                . = ALIGN (0x4)
                0x20002484                PROVIDE (end, .)
                0x20002484                PROVIDE (_end, .)
                0x20002484                __heap_addr = .
                0x20002684                . = (. + __heap_size)
 *fill*         0x20002484      0x200 00
                0x20002884                . = (. + __stack_size)
 *fill*         0x20002684      0x200 00
                0x20002884                . = ALIGN (0x4)

.ARM.attributes
                0x00000000       0x31
 *(.ARM.attributes)
 .ARM.attributes
                0x00000000       0x31 ./Generated_Code/Vectors.o
 .ARM.attributes
                0x00000031       0x31 ./Generated_Code/SysTick.o
 .ARM.attributes
                0x00000062       0x31 ./Generated_Code/SS_SPI1.o
 .ARM.attributes
                0x00000093       0x31 ./Generated_Code/SM_SPI0.o
 .ARM.attributes
                0x000000c4       0x31 ./Generated_Code/PE_LDD.o
 .ARM.attributes
                0x000000f5       0x31 ./Generated_Code/EINT_SYNC_INT.o
 .ARM.attributes
                0x00000126       0x31 ./Generated_Code/EINT_AD_NOT_DRDY0.o
 .ARM.attributes
                0x00000157       0x31 ./Generated_Code/DMA_CTRL.o
 .ARM.attributes
                0x00000188       0x31 ./Generated_Code/DMAT_S_SPI_TX.o
 .ARM.attributes
                0x000001b9       0x31 ./Generated_Code/DMAT_S_SPI_RX.o
 .ARM.attributes
                0x000001ea       0x31 ./Generated_Code/DMAT_M_SPI_TX.o
 .ARM.attributes
                0x0000021b       0x31 ./Generated_Code/DMAT_M_SPI_RX.o
 .ARM.attributes
                0x0000024c       0x31 ./Generated_Code/Cpu.o
 .ARM.attributes
                0x0000027d       0x31 ./Generated_Code/BitIO_UPRDY.o
 .ARM.attributes
                0x000002ae       0x31 ./Generated_Code/BitIO_AD_START0.o
 .ARM.attributes
                0x000002df       0x31 ./Generated_Code/BitIO_AD_NOT_RESET1.o
 .ARM.attributes
                0x00000310       0x31 ./Generated_Code/BitIO_AD_NOT_RESET0.o
 .ARM.attributes
                0x00000341       0x31 ./Generated_Code/BitIO_AD_NOT_CS1.o
 .ARM.attributes
                0x00000372       0x31 ./Generated_Code/BitIO_AD_NOT_CS0.o
 .ARM.attributes
                0x000003a3       0x31 ./Project_Settings/Startup_Code/__arm_start.o
 .ARM.attributes
                0x000003d4       0x31 ./Project_Settings/Startup_Code/__arm_end.o
 .ARM.attributes
                0x00000405       0x31 ./Sources/Utilities.o
 .ARM.attributes
                0x00000436       0x31 ./Sources/SPI.o
 .ARM.attributes
                0x00000467       0x31 ./Sources/ProcessorExpert.o
 .ARM.attributes
                0x00000498       0x31 ./Sources/Process.o
 .ARM.attributes
                0x000004c9       0x31 ./Sources/Macros.o
 .ARM.attributes
                0x000004fa       0x31 ./Sources/Init.o
 .ARM.attributes
                0x0000052b       0x31 ./Sources/Events.o
 .ARM.attributes
                0x0000055c       0x31 ./Sources/ADC.o
 .ARM.attributes
                0x0000058d       0x31 E:/Freescale/CW MCU v10.5/MCU/ARM_GCC_Support/ewl/lib/armv6-m\libc.a(exit.o)
 .ARM.attributes
                0x000005be       0x31 E:/Freescale/CW MCU v10.5/MCU/ARM_GCC_Support/ewl/lib/armv6-m\libc.a(memcpy.o)
 .ARM.attributes
                0x000005ef       0x31 E:/Freescale/CW MCU v10.5/MCU/ARM_GCC_Support/ewl/lib/armv6-m\libc.a(memset.o)
 .ARM.attributes
                0x00000620       0x31 E:/Freescale/CW MCU v10.5/MCU/ARM_GCC_Support/ewl/lib/armv6-m\libc.a(__filll_mem.o)
 .ARM.attributes
                0x00000651       0x1e e:/freescale/cw mcu v10.5/cross_tools/arm-none-eabi-gcc-4_7_3/bin/../lib/gcc/arm-none-eabi/4.7.3/armv6-m\libgcc.a(_udivsi3.o)
 .ARM.attributes
                0x0000066f       0x1e e:/freescale/cw mcu v10.5/cross_tools/arm-none-eabi-gcc-4_7_3/bin/../lib/gcc/arm-none-eabi/4.7.3/armv6-m\libgcc.a(_dvmd_tls.o)
 .ARM.attributes
                0x0000068d       0x31 E:/Freescale/CW MCU v10.5/MCU/ARM_GCC_Support/ewl/lib/armv6-m\librt.a(gcc_ctor_dtor.o)
 .ARM.attributes
                0x000006be       0x31 E:/Freescale/CW MCU v10.5/MCU/ARM_GCC_Support/ewl/lib/armv6-m\librt.a(ROMCopy.o)
 .ARM.attributes
                0x000006ef       0x31 E:/Freescale/CW MCU v10.5/MCU/ARM_GCC_Support/ewl/lib/armv6-m\librt.a(__arm_eabi_init.o)
OUTPUT(semg_mkl25z128vlh4.elf elf32-littlearm)

.debug_info     0x00000000     0xce01
 .debug_info    0x00000000      0x104 ./Generated_Code/Vectors.o
 .debug_info    0x00000104       0xf7 ./Generated_Code/SysTick.o
 .debug_info    0x000001fb      0x5b9 ./Generated_Code/SS_SPI1.o
 .debug_info    0x000007b4      0x79e ./Generated_Code/SM_SPI0.o
 .debug_info    0x00000f52      0x24e ./Generated_Code/PE_LDD.o
 .debug_info    0x000011a0      0x378 ./Generated_Code/EINT_SYNC_INT.o
 .debug_info    0x00001518      0x378 ./Generated_Code/EINT_AD_NOT_DRDY0.o
 .debug_info    0x00001890      0xe6c ./Generated_Code/DMA_CTRL.o
 .debug_info    0x000026fc      0x76e ./Generated_Code/DMAT_S_SPI_TX.o
 .debug_info    0x00002e6a      0x76e ./Generated_Code/DMAT_S_SPI_RX.o
 .debug_info    0x000035d8      0x76e ./Generated_Code/DMAT_M_SPI_TX.o
 .debug_info    0x00003d46      0x76e ./Generated_Code/DMAT_M_SPI_RX.o
 .debug_info    0x000044b4      0xcb2 ./Generated_Code/Cpu.o
 .debug_info    0x00005166      0x32b ./Generated_Code/BitIO_UPRDY.o
 .debug_info    0x00005491      0x32b ./Generated_Code/BitIO_AD_START0.o
 .debug_info    0x000057bc      0x32b ./Generated_Code/BitIO_AD_NOT_RESET1.o
 .debug_info    0x00005ae7      0x399 ./Generated_Code/BitIO_AD_NOT_RESET0.o
 .debug_info    0x00005e80      0x399 ./Generated_Code/BitIO_AD_NOT_CS1.o
 .debug_info    0x00006219      0x32b ./Generated_Code/BitIO_AD_NOT_CS0.o
 .debug_info    0x00006544      0x12a ./Project_Settings/Startup_Code/__arm_start.o
 .debug_info    0x0000666e       0x54 ./Project_Settings/Startup_Code/__arm_end.o
 .debug_info    0x000066c2      0xbbd ./Sources/Utilities.o
 .debug_info    0x0000727f      0xbab ./Sources/SPI.o
 .debug_info    0x00007e2a      0x8ee ./Sources/ProcessorExpert.o
 .debug_info    0x00008718      0xdac ./Sources/Process.o
 .debug_info    0x000094c4      0x538 ./Sources/Macros.o
 .debug_info    0x000099fc      0xb58 ./Sources/Init.o
 .debug_info    0x0000a554      0xd4e ./Sources/Events.o
 .debug_info    0x0000b2a2     0x11bb ./Sources/ADC.o
 .debug_info    0x0000c45d       0xe8 E:/Freescale/CW MCU v10.5/MCU/ARM_GCC_Support/ewl/lib/armv6-m\libc.a(exit.o)
 .debug_info    0x0000c545      0x10f E:/Freescale/CW MCU v10.5/MCU/ARM_GCC_Support/ewl/lib/armv6-m\libc.a(memcpy.o)
 .debug_info    0x0000c654       0xec E:/Freescale/CW MCU v10.5/MCU/ARM_GCC_Support/ewl/lib/armv6-m\libc.a(memset.o)
 .debug_info    0x0000c740      0x137 E:/Freescale/CW MCU v10.5/MCU/ARM_GCC_Support/ewl/lib/armv6-m\libc.a(__filll_mem.o)
 .debug_info    0x0000c877      0x136 E:/Freescale/CW MCU v10.5/MCU/ARM_GCC_Support/ewl/lib/armv6-m\librt.a(gcc_ctor_dtor.o)
 .debug_info    0x0000c9ad      0x19b E:/Freescale/CW MCU v10.5/MCU/ARM_GCC_Support/ewl/lib/armv6-m\librt.a(ROMCopy.o)
 .debug_info    0x0000cb48      0x2b9 E:/Freescale/CW MCU v10.5/MCU/ARM_GCC_Support/ewl/lib/armv6-m\librt.a(__arm_eabi_init.o)

.debug_abbrev   0x00000000     0x29d9
 .debug_abbrev  0x00000000       0xa3 ./Generated_Code/Vectors.o
 .debug_abbrev  0x000000a3       0x94 ./Generated_Code/SysTick.o
 .debug_abbrev  0x00000137      0x167 ./Generated_Code/SS_SPI1.o
 .debug_abbrev  0x0000029e      0x180 ./Generated_Code/SM_SPI0.o
 .debug_abbrev  0x0000041e      0x102 ./Generated_Code/PE_LDD.o
 .debug_abbrev  0x00000520      0x134 ./Generated_Code/EINT_SYNC_INT.o
 .debug_abbrev  0x00000654      0x134 ./Generated_Code/EINT_AD_NOT_DRDY0.o
 .debug_abbrev  0x00000788      0x205 ./Generated_Code/DMA_CTRL.o
 .debug_abbrev  0x0000098d      0x188 ./Generated_Code/DMAT_S_SPI_TX.o
 .debug_abbrev  0x00000b15      0x188 ./Generated_Code/DMAT_S_SPI_RX.o
 .debug_abbrev  0x00000c9d      0x188 ./Generated_Code/DMAT_M_SPI_TX.o
 .debug_abbrev  0x00000e25      0x188 ./Generated_Code/DMAT_M_SPI_RX.o
 .debug_abbrev  0x00000fad      0x137 ./Generated_Code/Cpu.o
 .debug_abbrev  0x000010e4      0x10e ./Generated_Code/BitIO_UPRDY.o
 .debug_abbrev  0x000011f2      0x10e ./Generated_Code/BitIO_AD_START0.o
 .debug_abbrev  0x00001300      0x10e ./Generated_Code/BitIO_AD_NOT_RESET1.o
 .debug_abbrev  0x0000140e      0x12b ./Generated_Code/BitIO_AD_NOT_RESET0.o
 .debug_abbrev  0x00001539      0x12b ./Generated_Code/BitIO_AD_NOT_CS1.o
 .debug_abbrev  0x00001664      0x10e ./Generated_Code/BitIO_AD_NOT_CS0.o
 .debug_abbrev  0x00001772       0x92 ./Project_Settings/Startup_Code/__arm_start.o
 .debug_abbrev  0x00001804       0x4c ./Project_Settings/Startup_Code/__arm_end.o
 .debug_abbrev  0x00001850      0x1af ./Sources/Utilities.o
 .debug_abbrev  0x000019ff      0x15e ./Sources/SPI.o
 .debug_abbrev  0x00001b5d      0x116 ./Sources/ProcessorExpert.o
 .debug_abbrev  0x00001c73      0x1de ./Sources/Process.o
 .debug_abbrev  0x00001e51       0x4d ./Sources/Macros.o
 .debug_abbrev  0x00001e9e      0x1fd ./Sources/Init.o
 .debug_abbrev  0x0000209b      0x193 ./Sources/Events.o
 .debug_abbrev  0x0000222e      0x256 ./Sources/ADC.o
 .debug_abbrev  0x00002484       0x7a E:/Freescale/CW MCU v10.5/MCU/ARM_GCC_Support/ewl/lib/armv6-m\libc.a(exit.o)
 .debug_abbrev  0x000024fe       0x95 E:/Freescale/CW MCU v10.5/MCU/ARM_GCC_Support/ewl/lib/armv6-m\libc.a(memcpy.o)
 .debug_abbrev  0x00002593       0x62 E:/Freescale/CW MCU v10.5/MCU/ARM_GCC_Support/ewl/lib/armv6-m\libc.a(memset.o)
 .debug_abbrev  0x000025f5       0x78 E:/Freescale/CW MCU v10.5/MCU/ARM_GCC_Support/ewl/lib/armv6-m\libc.a(__filll_mem.o)
 .debug_abbrev  0x0000266d       0x99 E:/Freescale/CW MCU v10.5/MCU/ARM_GCC_Support/ewl/lib/armv6-m\librt.a(gcc_ctor_dtor.o)
 .debug_abbrev  0x00002706      0x120 E:/Freescale/CW MCU v10.5/MCU/ARM_GCC_Support/ewl/lib/armv6-m\librt.a(ROMCopy.o)
 .debug_abbrev  0x00002826      0x1b3 E:/Freescale/CW MCU v10.5/MCU/ARM_GCC_Support/ewl/lib/armv6-m\librt.a(__arm_eabi_init.o)

.debug_aranges  0x00000000      0xb18
 .debug_aranges
                0x00000000       0x18 ./Generated_Code/Vectors.o
 .debug_aranges
                0x00000018       0x20 ./Generated_Code/SysTick.o
 .debug_aranges
                0x00000038       0x40 ./Generated_Code/SS_SPI1.o
 .debug_aranges
                0x00000078       0x70 ./Generated_Code/SM_SPI0.o
 .debug_aranges
                0x000000e8       0x30 ./Generated_Code/PE_LDD.o
 .debug_aranges
                0x00000118       0x38 ./Generated_Code/EINT_SYNC_INT.o
 .debug_aranges
                0x00000150       0x38 ./Generated_Code/EINT_AD_NOT_DRDY0.o
 .debug_aranges
                0x00000188       0xa0 ./Generated_Code/DMA_CTRL.o
 .debug_aranges
                0x00000228       0x58 ./Generated_Code/DMAT_S_SPI_TX.o
 .debug_aranges
                0x00000280       0x58 ./Generated_Code/DMAT_S_SPI_RX.o
 .debug_aranges
                0x000002d8       0x58 ./Generated_Code/DMAT_M_SPI_TX.o
 .debug_aranges
                0x00000330       0x58 ./Generated_Code/DMAT_M_SPI_RX.o
 .debug_aranges
                0x00000388      0x170 ./Generated_Code/Cpu.o
 .debug_aranges
                0x000004f8       0x40 ./Generated_Code/BitIO_UPRDY.o
 .debug_aranges
                0x00000538       0x40 ./Generated_Code/BitIO_AD_START0.o
 .debug_aranges
                0x00000578       0x40 ./Generated_Code/BitIO_AD_NOT_RESET1.o
 .debug_aranges
                0x000005b8       0x40 ./Generated_Code/BitIO_AD_NOT_RESET0.o
 .debug_aranges
                0x000005f8       0x40 ./Generated_Code/BitIO_AD_NOT_CS1.o
 .debug_aranges
                0x00000638       0x40 ./Generated_Code/BitIO_AD_NOT_CS0.o
 .debug_aranges
                0x00000678       0x30 ./Project_Settings/Startup_Code/__arm_start.o
 .debug_aranges
                0x000006a8       0x20 ./Project_Settings/Startup_Code/__arm_end.o
 .debug_aranges
                0x000006c8       0x68 ./Sources/Utilities.o
 .debug_aranges
                0x00000730       0x48 ./Sources/SPI.o
 .debug_aranges
                0x00000778       0x20 ./Sources/ProcessorExpert.o
 .debug_aranges
                0x00000798       0x58 ./Sources/Process.o
 .debug_aranges
                0x000007f0       0x18 ./Sources/Macros.o
 .debug_aranges
                0x00000808       0x68 ./Sources/Init.o
 .debug_aranges
                0x00000870       0xa8 ./Sources/Events.o
 .debug_aranges
                0x00000918       0xd0 ./Sources/ADC.o
 .debug_aranges
                0x000009e8       0x20 E:/Freescale/CW MCU v10.5/MCU/ARM_GCC_Support/ewl/lib/armv6-m\libc.a(exit.o)
 .debug_aranges
                0x00000a08       0x20 E:/Freescale/CW MCU v10.5/MCU/ARM_GCC_Support/ewl/lib/armv6-m\libc.a(memcpy.o)
 .debug_aranges
                0x00000a28       0x20 E:/Freescale/CW MCU v10.5/MCU/ARM_GCC_Support/ewl/lib/armv6-m\libc.a(memset.o)
 .debug_aranges
                0x00000a48       0x20 E:/Freescale/CW MCU v10.5/MCU/ARM_GCC_Support/ewl/lib/armv6-m\libc.a(__filll_mem.o)
 .debug_aranges
                0x00000a68       0x28 E:/Freescale/CW MCU v10.5/MCU/ARM_GCC_Support/ewl/lib/armv6-m\librt.a(gcc_ctor_dtor.o)
 .debug_aranges
                0x00000a90       0x30 E:/Freescale/CW MCU v10.5/MCU/ARM_GCC_Support/ewl/lib/armv6-m\librt.a(ROMCopy.o)
 .debug_aranges
                0x00000ac0       0x58 E:/Freescale/CW MCU v10.5/MCU/ARM_GCC_Support/ewl/lib/armv6-m\librt.a(__arm_eabi_init.o)

.debug_macinfo  0x00000000   0x62c125
 .debug_macinfo
                0x00000000    0x42b88 ./Generated_Code/Vectors.o
 .debug_macinfo
                0x00042b88    0x2df23 ./Generated_Code/SysTick.o
 .debug_macinfo
                0x00070aab    0x337c6 ./Generated_Code/SS_SPI1.o
 .debug_macinfo
                0x000a4271    0x3391e ./Generated_Code/SM_SPI0.o
 .debug_macinfo
                0x000d7b8f    0x42b38 ./Generated_Code/PE_LDD.o
 .debug_macinfo
                0x0011a6c7    0x42b50 ./Generated_Code/EINT_SYNC_INT.o
 .debug_macinfo
                0x0015d217    0x42b50 ./Generated_Code/EINT_AD_NOT_DRDY0.o
 .debug_macinfo
                0x0019fd67    0x42b50 ./Generated_Code/DMA_CTRL.o
 .debug_macinfo
                0x001e28b7    0x42b50 ./Generated_Code/DMAT_S_SPI_TX.o
 .debug_macinfo
                0x00225407    0x42b50 ./Generated_Code/DMAT_S_SPI_RX.o
 .debug_macinfo
                0x00267f57    0x42b50 ./Generated_Code/DMAT_M_SPI_TX.o
 .debug_macinfo
                0x002aaaa7    0x42b50 ./Generated_Code/DMAT_M_SPI_RX.o
 .debug_macinfo
                0x002ed5f7    0x42b8c ./Generated_Code/Cpu.o
 .debug_macinfo
                0x00330183    0x2ee31 ./Generated_Code/BitIO_UPRDY.o
 .debug_macinfo
                0x0035efb4    0x2ee53 ./Generated_Code/BitIO_AD_START0.o
 .debug_macinfo
                0x0038de07    0x2ee81 ./Generated_Code/BitIO_AD_NOT_RESET1.o
 .debug_macinfo
                0x003bcc88    0x2ee7b ./Generated_Code/BitIO_AD_NOT_RESET0.o
 .debug_macinfo
                0x003ebb03    0x2ee5f ./Generated_Code/BitIO_AD_NOT_CS1.o
 .debug_macinfo
                0x0041a962    0x2ee5d ./Generated_Code/BitIO_AD_NOT_CS0.o
 .debug_macinfo
                0x004497bf     0x3ea8 ./Project_Settings/Startup_Code/__arm_start.o
 .debug_macinfo
                0x0044d667     0x3484 ./Project_Settings/Startup_Code/__arm_end.o
 .debug_macinfo
                0x00450aeb    0x31919 ./Sources/Utilities.o
 .debug_macinfo
                0x00482404    0x4512b ./Sources/SPI.o
 .debug_macinfo
                0x004c752f    0x44fc8 ./Sources/ProcessorExpert.o
 .debug_macinfo
                0x0050c4f7    0x450c4 ./Sources/Process.o
 .debug_macinfo
                0x005515bb     0xaf6e ./Sources/Macros.o
 .debug_macinfo
                0x0055c529    0x450c2 ./Sources/Init.o
 .debug_macinfo
                0x005a15eb    0x4572c ./Sources/Events.o
 .debug_macinfo
                0x005e6d17    0x4540e ./Sources/ADC.o

.debug_line     0x00000000     0x80de
 .debug_line    0x00000000      0x55e ./Generated_Code/Vectors.o
 .debug_line    0x0000055e      0x1d2 ./Generated_Code/SysTick.o
 .debug_line    0x00000730      0x291 ./Generated_Code/SS_SPI1.o
 .debug_line    0x000009c1      0x32a ./Generated_Code/SM_SPI0.o
 .debug_line    0x00000ceb      0x3c2 ./Generated_Code/PE_LDD.o
 .debug_line    0x000010ad      0x472 ./Generated_Code/EINT_SYNC_INT.o
 .debug_line    0x0000151f      0x47a ./Generated_Code/EINT_AD_NOT_DRDY0.o
 .debug_line    0x00001999      0x658 ./Generated_Code/DMA_CTRL.o
 .debug_line    0x00001ff1      0x4c5 ./Generated_Code/DMAT_S_SPI_TX.o
 .debug_line    0x000024b6      0x4c5 ./Generated_Code/DMAT_S_SPI_RX.o
 .debug_line    0x0000297b      0x4c5 ./Generated_Code/DMAT_M_SPI_TX.o
 .debug_line    0x00002e40      0x4c5 ./Generated_Code/DMAT_M_SPI_RX.o
 .debug_line    0x00003305      0x893 ./Generated_Code/Cpu.o
 .debug_line    0x00003b98      0x284 ./Generated_Code/BitIO_UPRDY.o
 .debug_line    0x00003e1c      0x28c ./Generated_Code/BitIO_AD_START0.o
 .debug_line    0x000040a8      0x294 ./Generated_Code/BitIO_AD_NOT_RESET1.o
 .debug_line    0x0000433c      0x297 ./Generated_Code/BitIO_AD_NOT_RESET0.o
 .debug_line    0x000045d3      0x291 ./Generated_Code/BitIO_AD_NOT_CS1.o
 .debug_line    0x00004864      0x28e ./Generated_Code/BitIO_AD_NOT_CS0.o
 .debug_line    0x00004af2      0x29c ./Project_Settings/Startup_Code/__arm_start.o
 .debug_line    0x00004d8e      0x266 ./Project_Settings/Startup_Code/__arm_end.o
 .debug_line    0x00004ff4      0x4ba ./Sources/Utilities.o
 .debug_line    0x000054ae      0x5a7 ./Sources/SPI.o
 .debug_line    0x00005a55      0x4d3 ./Sources/ProcessorExpert.o
 .debug_line    0x00005f28      0x651 ./Sources/Process.o
 .debug_line    0x00006579      0x208 ./Sources/Macros.o
 .debug_line    0x00006781      0x631 ./Sources/Init.o
 .debug_line    0x00006db2      0x60c ./Sources/Events.o
 .debug_line    0x000073be      0x842 ./Sources/ADC.o
 .debug_line    0x00007c00       0x8d E:/Freescale/CW MCU v10.5/MCU/ARM_GCC_Support/ewl/lib/armv6-m\libc.a(exit.o)
 .debug_line    0x00007c8d       0x8b E:/Freescale/CW MCU v10.5/MCU/ARM_GCC_Support/ewl/lib/armv6-m\libc.a(memcpy.o)
 .debug_line    0x00007d18       0x90 E:/Freescale/CW MCU v10.5/MCU/ARM_GCC_Support/ewl/lib/armv6-m\libc.a(memset.o)
 .debug_line    0x00007da8       0xf6 E:/Freescale/CW MCU v10.5/MCU/ARM_GCC_Support/ewl/lib/armv6-m\libc.a(__filll_mem.o)
 .debug_line    0x00007e9e       0x6c E:/Freescale/CW MCU v10.5/MCU/ARM_GCC_Support/ewl/lib/armv6-m\librt.a(gcc_ctor_dtor.o)
 .debug_line    0x00007f0a       0xbd E:/Freescale/CW MCU v10.5/MCU/ARM_GCC_Support/ewl/lib/armv6-m\librt.a(ROMCopy.o)
 .debug_line    0x00007fc7      0x117 E:/Freescale/CW MCU v10.5/MCU/ARM_GCC_Support/ewl/lib/armv6-m\librt.a(__arm_eabi_init.o)

.debug_str      0x00000000     0x3457
 .debug_str     0x00000000      0x145 ./Generated_Code/Vectors.o
                                0x171 (size before relaxing)
 .debug_str     0x00000145       0x50 ./Generated_Code/SysTick.o
                                0x16c (size before relaxing)
 .debug_str     0x00000195      0x26e ./Generated_Code/SS_SPI1.o
                                0x3a1 (size before relaxing)
 .debug_str     0x00000403      0x194 ./Generated_Code/SM_SPI0.o
                                0x4ad (size before relaxing)
 .debug_str     0x00000597      0x172 ./Generated_Code/PE_LDD.o
                                0x2d4 (size before relaxing)
 .debug_str     0x00000709      0x10b ./Generated_Code/EINT_SYNC_INT.o
                                0x313 (size before relaxing)
 .debug_str     0x00000814       0xcb ./Generated_Code/EINT_AD_NOT_DRDY0.o
                                0x32f (size before relaxing)
 .debug_str     0x000008df      0x72e ./Generated_Code/DMA_CTRL.o
                                0xab4 (size before relaxing)
 .debug_str     0x0000100d      0x1a2 ./Generated_Code/DMAT_S_SPI_TX.o
                                0x7e1 (size before relaxing)
 .debug_str     0x000011af      0x165 ./Generated_Code/DMAT_S_SPI_RX.o
                                0x7e1 (size before relaxing)
 .debug_str     0x00001314      0x165 ./Generated_Code/DMAT_M_SPI_TX.o
                                0x7e1 (size before relaxing)
 .debug_str     0x00001479      0x165 ./Generated_Code/DMAT_M_SPI_RX.o
                                0x7e1 (size before relaxing)
 .debug_str     0x000015de      0x447 ./Generated_Code/Cpu.o
                                0x705 (size before relaxing)
 .debug_str     0x00001a25       0xa3 ./Generated_Code/BitIO_UPRDY.o
                                0x274 (size before relaxing)
 .debug_str     0x00001ac8       0x95 ./Generated_Code/BitIO_AD_START0.o
                                0x28c (size before relaxing)
 .debug_str     0x00001b5d       0xad ./Generated_Code/BitIO_AD_NOT_RESET1.o
                                0x2a4 (size before relaxing)
 .debug_str     0x00001c0a       0xf0 ./Generated_Code/BitIO_AD_NOT_RESET0.o
                                0x32d (size before relaxing)
 .debug_str     0x00001cfa       0xd8 ./Generated_Code/BitIO_AD_NOT_CS1.o
                                0x315 (size before relaxing)
 .debug_str     0x00001dd2       0x9b ./Generated_Code/BitIO_AD_NOT_CS0.o
                                0x292 (size before relaxing)
 .debug_str     0x00001e6d       0xb7 ./Project_Settings/Startup_Code/__arm_start.o
                                0x19b (size before relaxing)
 .debug_str     0x00001f24       0x77 ./Project_Settings/Startup_Code/__arm_end.o
                                 0xd6 (size before relaxing)
 .debug_str     0x00001f9b      0x75a ./Sources/Utilities.o
                                0x906 (size before relaxing)
 .debug_str     0x000026f5       0xd6 ./Sources/SPI.o
                                0x856 (size before relaxing)
 .debug_str     0x000027cb       0x22 ./Sources/ProcessorExpert.o
                                0x71d (size before relaxing)
 .debug_str     0x000027ed       0xee ./Sources/Process.o
                                0x8a8 (size before relaxing)
 .debug_str     0x000028db      0x38d ./Sources/Macros.o
                                0x5e3 (size before relaxing)
 .debug_str     0x00002c68       0xcf ./Sources/Init.o
                                0x83e (size before relaxing)
 .debug_str     0x00002d37      0x1b1 ./Sources/Events.o
                                0x937 (size before relaxing)
 .debug_str     0x00002ee8      0x1fb ./Sources/ADC.o
                                0xa7d (size before relaxing)
 .debug_str     0x000030e3       0x5a E:/Freescale/CW MCU v10.5/MCU/ARM_GCC_Support/ewl/lib/armv6-m\libc.a(exit.o)
                                0x157 (size before relaxing)
 .debug_str     0x0000313d       0x23 E:/Freescale/CW MCU v10.5/MCU/ARM_GCC_Support/ewl/lib/armv6-m\libc.a(memcpy.o)
                                0x138 (size before relaxing)
 .debug_str     0x00003160       0x1c E:/Freescale/CW MCU v10.5/MCU/ARM_GCC_Support/ewl/lib/armv6-m\libc.a(memset.o)
                                0x140 (size before relaxing)
 .debug_str     0x0000317c       0x2d E:/Freescale/CW MCU v10.5/MCU/ARM_GCC_Support/ewl/lib/armv6-m\libc.a(__filll_mem.o)
                                0x152 (size before relaxing)
 .debug_str     0x000031a9      0x126 E:/Freescale/CW MCU v10.5/MCU/ARM_GCC_Support/ewl/lib/armv6-m\librt.a(gcc_ctor_dtor.o)
                                0x181 (size before relaxing)
 .debug_str     0x000032cf       0x9a E:/Freescale/CW MCU v10.5/MCU/ARM_GCC_Support/ewl/lib/armv6-m\librt.a(ROMCopy.o)
                                0x13c (size before relaxing)
 .debug_str     0x00003369       0xee E:/Freescale/CW MCU v10.5/MCU/ARM_GCC_Support/ewl/lib/armv6-m\librt.a(__arm_eabi_init.o)
                                0x1b5 (size before relaxing)

.comment        0x00000000       0x79
 .comment       0x00000000       0x79 ./Generated_Code/Vectors.o
                                 0x7a (size before relaxing)
 .comment       0x00000000       0x7a ./Generated_Code/SysTick.o
 .comment       0x00000000       0x7a ./Generated_Code/SS_SPI1.o
 .comment       0x00000000       0x7a ./Generated_Code/SM_SPI0.o
 .comment       0x00000000       0x7a ./Generated_Code/PE_LDD.o
 .comment       0x00000000       0x7a ./Generated_Code/EINT_SYNC_INT.o
 .comment       0x00000000       0x7a ./Generated_Code/EINT_AD_NOT_DRDY0.o
 .comment       0x00000000       0x7a ./Generated_Code/DMA_CTRL.o
 .comment       0x00000000       0x7a ./Generated_Code/DMAT_S_SPI_TX.o
 .comment       0x00000000       0x7a ./Generated_Code/DMAT_S_SPI_RX.o
 .comment       0x00000000       0x7a ./Generated_Code/DMAT_M_SPI_TX.o
 .comment       0x00000000       0x7a ./Generated_Code/DMAT_M_SPI_RX.o
 .comment       0x00000000       0x7a ./Generated_Code/Cpu.o
 .comment       0x00000000       0x7a ./Generated_Code/BitIO_UPRDY.o
 .comment       0x00000000       0x7a ./Generated_Code/BitIO_AD_START0.o
 .comment       0x00000000       0x7a ./Generated_Code/BitIO_AD_NOT_RESET1.o
 .comment       0x00000000       0x7a ./Generated_Code/BitIO_AD_NOT_RESET0.o
 .comment       0x00000000       0x7a ./Generated_Code/BitIO_AD_NOT_CS1.o
 .comment       0x00000000       0x7a ./Generated_Code/BitIO_AD_NOT_CS0.o
 .comment       0x00000000       0x7a ./Project_Settings/Startup_Code/__arm_start.o
 .comment       0x00000000       0x7a ./Project_Settings/Startup_Code/__arm_end.o
 .comment       0x00000000       0x7a ./Sources/Utilities.o
 .comment       0x00000000       0x7a ./Sources/SPI.o
 .comment       0x00000000       0x7a ./Sources/ProcessorExpert.o
 .comment       0x00000000       0x7a ./Sources/Process.o
 .comment       0x00000000       0x7a ./Sources/Macros.o
 .comment       0x00000000       0x7a ./Sources/Init.o
 .comment       0x00000000       0x7a ./Sources/Events.o
 .comment       0x00000000       0x7a ./Sources/ADC.o
 .comment       0x00000000       0x7a E:/Freescale/CW MCU v10.5/MCU/ARM_GCC_Support/ewl/lib/armv6-m\libc.a(exit.o)
 .comment       0x00000000       0x7a E:/Freescale/CW MCU v10.5/MCU/ARM_GCC_Support/ewl/lib/armv6-m\libc.a(memcpy.o)
 .comment       0x00000000       0x7a E:/Freescale/CW MCU v10.5/MCU/ARM_GCC_Support/ewl/lib/armv6-m\libc.a(memset.o)
 .comment       0x00000000       0x7a E:/Freescale/CW MCU v10.5/MCU/ARM_GCC_Support/ewl/lib/armv6-m\libc.a(__filll_mem.o)
 .comment       0x00000000       0x7a E:/Freescale/CW MCU v10.5/MCU/ARM_GCC_Support/ewl/lib/armv6-m\librt.a(gcc_ctor_dtor.o)
 .comment       0x00000000       0x7a E:/Freescale/CW MCU v10.5/MCU/ARM_GCC_Support/ewl/lib/armv6-m\librt.a(ROMCopy.o)
 .comment       0x00000000       0x7a E:/Freescale/CW MCU v10.5/MCU/ARM_GCC_Support/ewl/lib/armv6-m\librt.a(__arm_eabi_init.o)

.debug_loc      0x00000000     0x341e
 .debug_loc     0x00000000       0x2c ./Generated_Code/SysTick.o
 .debug_loc     0x0000002c      0x118 ./Generated_Code/SS_SPI1.o
 .debug_loc     0x00000144      0x268 ./Generated_Code/SM_SPI0.o
 .debug_loc     0x000003ac       0x9c ./Generated_Code/PE_LDD.o
 .debug_loc     0x00000448       0xe0 ./Generated_Code/EINT_SYNC_INT.o
 .debug_loc     0x00000528       0xe0 ./Generated_Code/EINT_AD_NOT_DRDY0.o
 .debug_loc     0x00000608      0x3b8 ./Generated_Code/DMA_CTRL.o
 .debug_loc     0x000009c0      0x1c0 ./Generated_Code/DMAT_S_SPI_TX.o
 .debug_loc     0x00000b80      0x1c0 ./Generated_Code/DMAT_S_SPI_RX.o
 .debug_loc     0x00000d40      0x1c0 ./Generated_Code/DMAT_M_SPI_TX.o
 .debug_loc     0x00000f00      0x1c0 ./Generated_Code/DMAT_M_SPI_RX.o
 .debug_loc     0x000010c0      0x764 ./Generated_Code/Cpu.o
 .debug_loc     0x00001824      0x118 ./Generated_Code/BitIO_UPRDY.o
 .debug_loc     0x0000193c      0x118 ./Generated_Code/BitIO_AD_START0.o
 .debug_loc     0x00001a54      0x118 ./Generated_Code/BitIO_AD_NOT_RESET1.o
 .debug_loc     0x00001b6c      0x118 ./Generated_Code/BitIO_AD_NOT_RESET0.o
 .debug_loc     0x00001c84      0x118 ./Generated_Code/BitIO_AD_NOT_CS1.o
 .debug_loc     0x00001d9c      0x118 ./Generated_Code/BitIO_AD_NOT_CS0.o
 .debug_loc     0x00001eb4       0x2c ./Project_Settings/Startup_Code/__arm_start.o
 .debug_loc     0x00001ee0       0x38 ./Project_Settings/Startup_Code/__arm_end.o
 .debug_loc     0x00001f18      0x200 ./Sources/Utilities.o
 .debug_loc     0x00002118      0x150 ./Sources/SPI.o
 .debug_loc     0x00002268       0x2c ./Sources/ProcessorExpert.o
 .debug_loc     0x00002294      0x184 ./Sources/Process.o
 .debug_loc     0x00002418      0x1d0 ./Sources/Init.o
 .debug_loc     0x000025e8      0x3cc ./Sources/Events.o
 .debug_loc     0x000029b4      0x50d ./Sources/ADC.o
 .debug_loc     0x00002ec1       0x3e E:/Freescale/CW MCU v10.5/MCU/ARM_GCC_Support/ewl/lib/armv6-m\libc.a(exit.o)
 .debug_loc     0x00002eff       0x59 E:/Freescale/CW MCU v10.5/MCU/ARM_GCC_Support/ewl/lib/armv6-m\libc.a(memcpy.o)
 .debug_loc     0x00002f58       0x6f E:/Freescale/CW MCU v10.5/MCU/ARM_GCC_Support/ewl/lib/armv6-m\libc.a(memset.o)
 .debug_loc     0x00002fc7      0x14a E:/Freescale/CW MCU v10.5/MCU/ARM_GCC_Support/ewl/lib/armv6-m\libc.a(__filll_mem.o)
 .debug_loc     0x00003111       0x9d E:/Freescale/CW MCU v10.5/MCU/ARM_GCC_Support/ewl/lib/armv6-m\librt.a(gcc_ctor_dtor.o)
 .debug_loc     0x000031ae       0xd9 E:/Freescale/CW MCU v10.5/MCU/ARM_GCC_Support/ewl/lib/armv6-m\librt.a(ROMCopy.o)
 .debug_loc     0x00003287      0x197 E:/Freescale/CW MCU v10.5/MCU/ARM_GCC_Support/ewl/lib/armv6-m\librt.a(__arm_eabi_init.o)

.debug_frame    0x00000000     0x1f64
 .debug_frame   0x00000000       0x2c ./Generated_Code/SysTick.o
 .debug_frame   0x0000002c       0xb0 ./Generated_Code/SS_SPI1.o
 .debug_frame   0x000000dc      0x170 ./Generated_Code/SM_SPI0.o
 .debug_frame   0x0000024c       0x6c ./Generated_Code/PE_LDD.o
 .debug_frame   0x000002b8       0x90 ./Generated_Code/EINT_SYNC_INT.o
 .debug_frame   0x00000348       0x90 ./Generated_Code/EINT_AD_NOT_DRDY0.o
 .debug_frame   0x000003d8      0x230 ./Generated_Code/DMA_CTRL.o
 .debug_frame   0x00000608      0x110 ./Generated_Code/DMAT_S_SPI_TX.o
 .debug_frame   0x00000718      0x110 ./Generated_Code/DMAT_S_SPI_RX.o
 .debug_frame   0x00000828      0x110 ./Generated_Code/DMAT_M_SPI_TX.o
 .debug_frame   0x00000938      0x110 ./Generated_Code/DMAT_M_SPI_RX.o
 .debug_frame   0x00000a48      0x4c4 ./Generated_Code/Cpu.o
 .debug_frame   0x00000f0c       0xb0 ./Generated_Code/BitIO_UPRDY.o
 .debug_frame   0x00000fbc       0xb0 ./Generated_Code/BitIO_AD_START0.o
 .debug_frame   0x0000106c       0xb0 ./Generated_Code/BitIO_AD_NOT_RESET1.o
 .debug_frame   0x0000111c       0xb0 ./Generated_Code/BitIO_AD_NOT_RESET0.o
 .debug_frame   0x000011cc       0xb0 ./Generated_Code/BitIO_AD_NOT_CS1.o
 .debug_frame   0x0000127c       0xb0 ./Generated_Code/BitIO_AD_NOT_CS0.o
 .debug_frame   0x0000132c       0x4c ./Project_Settings/Startup_Code/__arm_start.o
 .debug_frame   0x00001378       0x30 ./Project_Settings/Startup_Code/__arm_end.o
 .debug_frame   0x000013a8      0x140 ./Sources/Utilities.o
 .debug_frame   0x000014e8       0xd0 ./Sources/SPI.o
 .debug_frame   0x000015b8       0x2c ./Sources/ProcessorExpert.o
 .debug_frame   0x000015e4      0x100 ./Sources/Process.o
 .debug_frame   0x000016e4      0x134 ./Sources/Init.o
 .debug_frame   0x00001818      0x244 ./Sources/Events.o
 .debug_frame   0x00001a5c      0x2f0 ./Sources/ADC.o
 .debug_frame   0x00001d4c       0x2c E:/Freescale/CW MCU v10.5/MCU/ARM_GCC_Support/ewl/lib/armv6-m\libc.a(exit.o)
 .debug_frame   0x00001d78       0x28 E:/Freescale/CW MCU v10.5/MCU/ARM_GCC_Support/ewl/lib/armv6-m\libc.a(memcpy.o)
 .debug_frame   0x00001da0       0x28 E:/Freescale/CW MCU v10.5/MCU/ARM_GCC_Support/ewl/lib/armv6-m\libc.a(memset.o)
 .debug_frame   0x00001dc8       0x2c E:/Freescale/CW MCU v10.5/MCU/ARM_GCC_Support/ewl/lib/armv6-m\libc.a(__filll_mem.o)
 .debug_frame   0x00001df4       0x20 e:/freescale/cw mcu v10.5/cross_tools/arm-none-eabi-gcc-4_7_3/bin/../lib/gcc/arm-none-eabi/4.7.3/armv6-m\libgcc.a(_udivsi3.o)
 .debug_frame   0x00001e14       0x40 E:/Freescale/CW MCU v10.5/MCU/ARM_GCC_Support/ewl/lib/armv6-m\librt.a(gcc_ctor_dtor.o)
 .debug_frame   0x00001e54       0x54 E:/Freescale/CW MCU v10.5/MCU/ARM_GCC_Support/ewl/lib/armv6-m\librt.a(ROMCopy.o)
 .debug_frame   0x00001ea8       0xbc E:/Freescale/CW MCU v10.5/MCU/ARM_GCC_Support/ewl/lib/armv6-m\librt.a(__arm_eabi_init.o)
