Archive member included because of file (symbol)

E:/Freescale/CW MCU v10.5/MCU/ARM_GCC_Support/ewl/lib/armv6-m\librt.a(gcc_ctor_dtor.o)
                              ./Project_Settings/Startup_Code/__arm_start.o (__init_cpp)
E:/Freescale/CW MCU v10.5/MCU/ARM_GCC_Support/ewl/lib/armv6-m\librt.a(ROMCopy.o)
                              ./Project_Settings/Startup_Code/__arm_start.o (__copy_rom_sections_to_ram)
E:/Freescale/CW MCU v10.5/MCU/ARM_GCC_Support/ewl/lib/armv6-m\librt.a(__arm_eabi_init.o)
                              ./Project_Settings/Startup_Code/__arm_start.o (__init_registers)
E:/Freescale/CW MCU v10.5/MCU/ARM_GCC_Support/ewl/lib/armv6-m\libc.a(printf.o)
                              ./Compents/calculate/calculate.o (printf)
E:/Freescale/CW MCU v10.5/MCU/ARM_GCC_Support/ewl/lib/armv6-m\libc.a(alloc.o)
                              ./Generated_Code/usb_dci.o (malloc)
E:/Freescale/CW MCU v10.5/MCU/ARM_GCC_Support/ewl/lib/armv6-m\libc.a(exit.o)
                              ./Project_Settings/Startup_Code/__arm_start.o (exit)
E:/Freescale/CW MCU v10.5/MCU/ARM_GCC_Support/ewl/lib/armv6-m\libc.a(memcpy.o)
                              ./Generated_Code/usb_framework.o (memcpy)
E:/Freescale/CW MCU v10.5/MCU/ARM_GCC_Support/ewl/lib/armv6-m\libc.a(memset.o)
                              ./Generated_Code/usb_dci.o (memset)
E:/Freescale/CW MCU v10.5/MCU/ARM_GCC_Support/ewl/lib/armv6-m\libc.a(ansi_files.o)
                              E:/Freescale/CW MCU v10.5/MCU/ARM_GCC_Support/ewl/lib/armv6-m\libc.a(printf.o) (__files)
E:/Freescale/CW MCU v10.5/MCU/ARM_GCC_Support/ewl/lib/armv6-m\libc.a(fflush.o)
                              E:/Freescale/CW MCU v10.5/MCU/ARM_GCC_Support/ewl/lib/armv6-m\libc.a(ansi_files.o) (fflush)
E:/Freescale/CW MCU v10.5/MCU/ARM_GCC_Support/ewl/lib/armv6-m\libc.a(fwrite.o)
                              E:/Freescale/CW MCU v10.5/MCU/ARM_GCC_Support/ewl/lib/armv6-m\libc.a(printf.o) (__FileWrite)
E:/Freescale/CW MCU v10.5/MCU/ARM_GCC_Support/ewl/lib/armv6-m\libc.a(__filll_mem.o)
                              E:/Freescale/CW MCU v10.5/MCU/ARM_GCC_Support/ewl/lib/armv6-m\libc.a(memset.o) (__fill_mem)
E:/Freescale/CW MCU v10.5/MCU/ARM_GCC_Support/ewl/lib/armv6-m\libc.a(__memrchr.o)
                              E:/Freescale/CW MCU v10.5/MCU/ARM_GCC_Support/ewl/lib/armv6-m\libc.a(fwrite.o) (__memrchr)
E:/Freescale/CW MCU v10.5/MCU/ARM_GCC_Support/ewl/lib/armv6-m\libc.a(__buffer_io.o)
                              E:/Freescale/CW MCU v10.5/MCU/ARM_GCC_Support/ewl/lib/armv6-m\libc.a(fwrite.o) (__prep_buffer)
E:/Freescale/CW MCU v10.5/MCU/ARM_GCC_Support/ewl/lib/armv6-m\libm.a(w_sqrtf.o)
                              ./Compents/calculate/calculate.o (sqrtf)
E:/Freescale/CW MCU v10.5/MCU/ARM_GCC_Support/ewl/lib/armv6-m\libm.a(e_sqrtf.o)
                              E:/Freescale/CW MCU v10.5/MCU/ARM_GCC_Support/ewl/lib/armv6-m\libm.a(w_sqrtf.o) (__ieee754_sqrtf)
e:/freescale/cw mcu v10.5/cross_tools/arm-none-eabi-gcc-4_7_3/bin/../lib/gcc/arm-none-eabi/4.7.3/armv6-m\libgcc.a(_udivsi3.o)
                              E:/Freescale/CW MCU v10.5/MCU/ARM_GCC_Support/ewl/lib/armv6-m\libc.a(alloc.o) (__aeabi_uidiv)
e:/freescale/cw mcu v10.5/cross_tools/arm-none-eabi-gcc-4_7_3/bin/../lib/gcc/arm-none-eabi/4.7.3/armv6-m\libgcc.a(_dvmd_tls.o)
                              e:/freescale/cw mcu v10.5/cross_tools/arm-none-eabi-gcc-4_7_3/bin/../lib/gcc/arm-none-eabi/4.7.3/armv6-m\libgcc.a(_udivsi3.o) (__aeabi_idiv0)
e:/freescale/cw mcu v10.5/cross_tools/arm-none-eabi-gcc-4_7_3/bin/../lib/gcc/arm-none-eabi/4.7.3/armv6-m\libgcc.a(_arm_cmpsf2.o)
                              ./Compents/function/function.o (__aeabi_fcmpeq)
e:/freescale/cw mcu v10.5/cross_tools/arm-none-eabi-gcc-4_7_3/bin/../lib/gcc/arm-none-eabi/4.7.3/armv6-m\libgcc.a(addsf3.o)
                              ./Compents/calculate/calculate.o (__aeabi_fadd)
e:/freescale/cw mcu v10.5/cross_tools/arm-none-eabi-gcc-4_7_3/bin/../lib/gcc/arm-none-eabi/4.7.3/armv6-m\libgcc.a(divsf3.o)
                              ./Compents/calculate/calculate.o (__aeabi_fdiv)
e:/freescale/cw mcu v10.5/cross_tools/arm-none-eabi-gcc-4_7_3/bin/../lib/gcc/arm-none-eabi/4.7.3/armv6-m\libgcc.a(eqsf2.o)
                              e:/freescale/cw mcu v10.5/cross_tools/arm-none-eabi-gcc-4_7_3/bin/../lib/gcc/arm-none-eabi/4.7.3/armv6-m\libgcc.a(_arm_cmpsf2.o) (__eqsf2)
e:/freescale/cw mcu v10.5/cross_tools/arm-none-eabi-gcc-4_7_3/bin/../lib/gcc/arm-none-eabi/4.7.3/armv6-m\libgcc.a(gesf2.o)
                              e:/freescale/cw mcu v10.5/cross_tools/arm-none-eabi-gcc-4_7_3/bin/../lib/gcc/arm-none-eabi/4.7.3/armv6-m\libgcc.a(_arm_cmpsf2.o) (__gesf2)
e:/freescale/cw mcu v10.5/cross_tools/arm-none-eabi-gcc-4_7_3/bin/../lib/gcc/arm-none-eabi/4.7.3/armv6-m\libgcc.a(lesf2.o)
[...]
Memory Configuration

Name             Origin             Length             Attributes
m_interrupts     0x00000000         0x000000c0         xr
m_text           0x00000410         0x0001fbf0         xr
m_data           0x1ffff000         0x00004000         rw
m_cfmprotrom     0x00000400         0x00000010         xr
*default*        0x00000000         0xffffffff

Linker script and memory map

LOAD ./Compents/calculate/calculate.o
LOAD ./Compents/delay/delay.o
LOAD ./Compents/function/function.o
LOAD ./Compents/hal_iic/hal_iic.o
LOAD ./Compents/hmc5883/myiic_m.o
LOAD ./Compents/hmc5883/hmc5883.o
LOAD ./Compents/mpu6050/myiic_g.o
LOAD ./Compents/mpu6050/mpu6050.o
LOAD ./Generated_Code/usb_framework.o
LOAD ./Generated_Code/usb_driver.o
LOAD ./Generated_Code/usb_device.o
LOAD ./Generated_Code/usb_dci.o
LOAD ./Generated_Code/usb_class.o
LOAD ./Generated_Code/Vectors.o
LOAD ./Generated_Code/USB_LDD.o
LOAD ./Generated_Code/SysTick.o
LOAD ./Generated_Code/PTD0_50HZ.o
LOAD ./Generated_Code/PE_LDD.o
LOAD ./Generated_Code/MPU6050_DRDY.o
LOAD ./Generated_Code/Cpu.o
LOAD ./Project_Settings/Startup_Code/__arm_start.o
LOAD ./Project_Settings/Startup_Code/__arm_end.o
LOAD ./Sources/USB/usb_mems.o
LOAD ./Sources/USB/usb_init.o
LOAD ./Sources/usb_descriptor.o
LOAD ./Sources/sa_mtb.o
LOAD ./Sources/ProcessorExpert.o
LOAD ./Sources/Process.o
LOAD ./Sources/Init.o
LOAD ./Sources/Events.o
LOAD E:/Freescale/CW MCU v10.5/MCU/ARM_GCC_Support/ewl/lib/armv6-m\librt.a
START GROUP
LOAD E:/Freescale/CW MCU v10.5/MCU/ARM_GCC_Support/ewl/lib/armv6-m\libc.a
LOAD E:/Freescale/CW MCU v10.5/MCU/ARM_GCC_Support/ewl/lib/armv6-m\libm.a
LOAD e:/freescale/cw mcu v10.5/cross_tools/arm-none-eabi-gcc-4_7_3/bin/../lib/gcc/arm-none-eabi/4.7.3/armv6-m\libgcc.a
LOAD E:/Freescale/CW MCU v10.5/MCU/ARM_GCC_Support/ewl/lib/armv6-m\librt.a
END GROUP
                0x20003000                _estack = 0x20003000
                0x20003000                __SP_INIT = _estack
                0x00000000                __heap_size = 0x0
                0x00000400                __stack_size = 0x400

.interrupts     0x00000000       0xc0
                0x00000000                __vector_table = .
                0x00000000                . = ALIGN (0x4)
 *(.vectortable)
 .vectortable   0x00000000       0xc0 ./Generated_Code/Vectors.o
                0x00000000                __vect_table
                0x000000c0                . = ALIGN (0x4)

.cfmprotect     0x00000400       0x10
                0x00000400                . = ALIGN (0x4)
 *(.cfmconfig)
 .cfmconfig     0x00000400       0x10 ./Generated_Code/Cpu.o
                0x00000400                _cfm
                0x00000410                . = ALIGN (0x4)

.text           0x00000410     0x5d3c
                0x00000410                . = ALIGN (0x4)
 *(.text)
 .text          0x00000410       0x9c e:/freescale/cw mcu v10.5/cross_tools/arm-none-eabi-gcc-4_7_3/bin/../lib/gcc/arm-none-eabi/4.7.3/armv6-m\libgcc.a(_udivsi3.o)
                0x00000410                __aeabi_uidiv
                0x00000410                __udivsi3
                0x00000498                __aeabi_uidivmod
 .text          0x000004ac        0x4 e:/freescale/cw mcu v10.5/cross_tools/arm-none-eabi-gcc-4_7_3/bin/../lib/gcc/arm-none-eabi/4.7.3/armv6-m\libgcc.a(_dvmd_tls.o)
                0x000004ac                __aeabi_idiv0
                0x000004ac                __aeabi_ldiv0
 *(.text*)
 .text.TimingDelay_Decrement
                0x000004b0       0x20 ./Compents/delay/delay.o
                0x000004b0                TimingDelay_Decrement
 .text.time_delay_us
                0x000004d0       0x68 ./Compents/delay/delay.o
                0x000004d0                time_delay_us
 .text.i2c_set_tx_mode
                0x00000538       0x20 ./Compents/hal_iic/hal_iic.o
                0x00000538                i2c_set_tx_mode
 .text.i2c_set_rx_mode
                0x00000558       0x20 ./Compents/hal_iic/hal_iic.o
                0x00000558                i2c_set_rx_mode
 .text.i2c_set_slave_mode
                0x00000578       0x20 ./Compents/hal_iic/hal_iic.o
                0x00000578                i2c_set_slave_mode
 .text.i2c_set_master_mode
                0x00000598       0x20 ./Compents/hal_iic/hal_iic.o
                0x00000598                i2c_set_master_mode
 .text.i2c_give_nack
                0x000005b8       0x20 ./Compents/hal_iic/hal_iic.o
                0x000005b8                i2c_give_nack
 .text.i2c_repeated_start
                0x000005d8       0x20 ./Compents/hal_iic/hal_iic.o
                0x000005d8                i2c_repeated_start
 .text.i2c_write_byte
                0x000005f8       0x1c ./Compents/hal_iic/hal_iic.o
                0x000005f8                i2c_write_byte
 .text.i2c_read_byte
                0x00000614       0x18 ./Compents/hal_iic/hal_iic.o
                0x00000614                i2c_read_byte
 .text.i2c_start
                0x0000062c       0x20 ./Compents/hal_iic/hal_iic.o
                0x0000062c                i2c_start
 .text.i2c_stop
                0x0000064c       0x20 ./Compents/hal_iic/hal_iic.o
                0x0000064c                i2c_stop
 .text.i2c_wait
                0x0000066c       0x30 ./Compents/hal_iic/hal_iic.o
                0x0000066c                i2c_wait
 .text.i2c_get_ack
                0x0000069c       0x24 ./Compents/hal_iic/hal_iic.o
                0x0000069c                i2c_get_ack
 .text.IIC_Init_M
                0x000006c0       0x74 ./Compents/hmc5883/myiic_m.o
                0x000006c0                IIC_Init_M
 .text.pause    0x00000734       0x28 ./Compents/hmc5883/hmc5883.o
 .text.hal_dev_hmc5883_read_reg
                0x0000075c       0xc4 ./Compents/hmc5883/hmc5883.o
                0x0000075c                hal_dev_hmc5883_read_reg
 .text.hal_dev_hmc5883_write_reg
                0x00000820       0x88 ./Compents/hmc5883/hmc5883.o
                0x00000820                hal_dev_hmc5883_write_reg
 .text.HMC5883_Init
                0x000008a8       0x6c ./Compents/hmc5883/hmc5883.o
                0x000008a8                HMC5883_Init
 .text.get_mag  0x00000914       0xc0 ./Compents/hmc5883/hmc5883.o
                0x00000914                get_mag
 .text.IIC_Init_G
                0x000009d4       0x74 ./Compents/mpu6050/myiic_g.o
                0x000009d4                IIC_Init_G
 .text.pause    0x00000a48       0x28 ./Compents/mpu6050/mpu6050.o
 .text.hal_dev_mpu6050_read_reg
                0x00000a70       0xc4 ./Compents/mpu6050/mpu6050.o
                0x00000a70                hal_dev_mpu6050_read_reg
 .text.hal_dev_mpu6050_write_reg
                0x00000b34       0x88 ./Compents/mpu6050/mpu6050.o
                0x00000b34                hal_dev_mpu6050_write_reg
 .text.MPU6050_Init
                0x00000bbc       0x98 ./Compents/mpu6050/mpu6050.o
                0x00000bbc                MPU6050_Init
 .text.get_gyro
                0x00000c54       0xc0 ./Compents/mpu6050/mpu6050.o
                0x00000c54                get_gyro
 .text.get_acc  0x00000d14       0xc0 ./Compents/mpu6050/mpu6050.o
                0x00000d14                get_acc
 .text.USB_Framework_Init
                0x00000dd4       0x5c ./Generated_Code/usb_framework.o
                0x00000dd4                USB_Framework_Init
 .text.USB_Control_Service
                0x00000e30      0x1d4 ./Generated_Code/usb_framework.o
 .text.USB_Control_Service_Handler
                0x00001004       0x84 ./Generated_Code/usb_framework.o
 .text.USB_Strd_Req_Get_Status
                0x00001088       0xf8 ./Generated_Code/usb_framework.o
 .text.USB_Strd_Req_Feature
                0x00001180      0x210 ./Generated_Code/usb_framework.o
 .text.USB_Strd_Req_Assign_Address
                0x00001390       0x44 ./Generated_Code/usb_framework.o
 .text.USB_Strd_Req_Get_Config
                0x000013d4       0x48 ./Generated_Code/usb_framework.o
 .text.USB_Strd_Req_Set_Config
                0x0000141c       0xd8 ./Generated_Code/usb_framework.o
 .text.USB_Strd_Req_Get_Interface
                0x000014f4       0x54 ./Generated_Code/usb_framework.o
 .text.USB_Strd_Req_Set_Interface
                0x00001548       0x5c ./Generated_Code/usb_framework.o
 .text.USB_Strd_Req_Sync_Frame
                0x000015a4       0x4c ./Generated_Code/usb_framework.o
 .text.USB_Strd_Req_Get_Descriptor
                0x000015f0       0x8c ./Generated_Code/usb_framework.o
 .text.USB_Strd_Req_Set_Address
                0x0000167c       0x40 ./Generated_Code/usb_framework.o
 .text.USB_Device_Init_Params
                0x000016bc       0x74 ./Generated_Code/usb_driver.o
 .text._usb_device_init
                0x00001730       0x60 ./Generated_Code/usb_driver.o
                0x00001730                _usb_device_init
 .text._usb_device_init_endpoint
                0x00001790       0xd0 ./Generated_Code/usb_driver.o
                0x00001790                _usb_device_init_endpoint
 .text._usb_device_deinit_endpoint
                0x00001860       0x84 ./Generated_Code/usb_driver.o
                0x00001860                _usb_device_deinit_endpoint
 .text._usb_device_get_status
                0x000018e4       0x88 ./Generated_Code/usb_driver.o
                0x000018e4                _usb_device_get_status
 .text._usb_device_set_status
                0x0000196c      0x114 ./Generated_Code/usb_driver.o
                0x0000196c                _usb_device_set_status
 .text._usb_device_register_service
                0x00001a80       0x58 ./Generated_Code/usb_driver.o
                0x00001a80                _usb_device_register_service
 .text.USB_Device_Call_Service
                0x00001ad8       0x48 ./Generated_Code/usb_driver.o
                0x00001ad8                USB_Device_Call_Service
 .text.USB_LDD_OnDeviceReset
                0x00001b20       0x10 ./Generated_Code/usb_device.o
                0x00001b20                USB_LDD_OnDeviceReset
 .text.USB_LDD_OnDeviceSpeedDetect
                0x00001b30       0x24 ./Generated_Code/usb_device.o
                0x00001b30                USB_LDD_OnDeviceSpeedDetect
 .text.USB_LDD_OnDeviceSuspend
                0x00001b54       0x18 ./Generated_Code/usb_device.o
                0x00001b54                USB_LDD_OnDeviceSuspend
 .text.USB_LDD_OnDeviceResume
                0x00001b6c       0x18 ./Generated_Code/usb_device.o
                0x00001b6c                USB_LDD_OnDeviceResume
 .text.USB_LDD_OnDeviceSetupPacket
                0x00001b84       0x24 ./Generated_Code/usb_device.o
                0x00001b84                USB_LDD_OnDeviceSetupPacket
 .text.USB_LDD_OnDeviceSof
                0x00001ba8      0x154 ./Generated_Code/usb_device.o
                0x00001ba8                USB_LDD_OnDeviceSof
 .text.USB_LDD_OnDeviceError
                0x00001cfc       0x2c ./Generated_Code/usb_device.o
                0x00001cfc                USB_LDD_OnDeviceError
 .text.USB_LDD_OnDevice1msTimer
                0x00001d28       0x10 ./Generated_Code/usb_device.o
                0x00001d28                USB_LDD_OnDevice1msTimer
 .text.USB_DCI_CallBack
                0x00001d38       0x68 ./Generated_Code/usb_dci.o
 .text.USB_DCI_SetAddressCallback
                0x00001da0       0x28 ./Generated_Code/usb_dci.o
 .text.USB_DCI_Get_BDT_Index
                0x00001dc8       0x5c ./Generated_Code/usb_dci.o
 .text.USB_DCI_Validate_Param
                0x00001e24       0x70 ./Generated_Code/usb_dci.o
 .text.USB_DCI_OnDeviceSpeedDetect
                0x00001e94       0x58 ./Generated_Code/usb_dci.o
                0x00001e94                USB_DCI_OnDeviceSpeedDetect
 .text.USB_DCI_OnDeviceSuspend
                0x00001eec       0x50 ./Generated_Code/usb_dci.o
                0x00001eec                USB_DCI_OnDeviceSuspend
 .text.USB_DCI_OnDeviceResume
                0x00001f3c       0x50 ./Generated_Code/usb_dci.o
                0x00001f3c                USB_DCI_OnDeviceResume
 .text.USB_DCI_OnDeviceSetupPacket
                0x00001f8c      0x168 ./Generated_Code/usb_dci.o
                0x00001f8c                USB_DCI_OnDeviceSetupPacket
 .text.USB_DCI_OnDeviceError
                0x000020f4       0x5c ./Generated_Code/usb_dci.o
                0x000020f4                USB_DCI_OnDeviceError
 .text.USB_DCI_Init
                0x00002150       0x3c ./Generated_Code/usb_dci.o
                0x00002150                USB_DCI_Init
 .text.USB_DCI_Init_EndPoint
                0x0000218c      0x200 ./Generated_Code/usb_dci.o
                0x0000218c                USB_DCI_Init_EndPoint
 .text.USB_DCI_Deinit_EndPoint
                0x0000238c       0x90 ./Generated_Code/usb_dci.o
                0x0000238c                USB_DCI_Deinit_EndPoint
 .text._usb_device_stall_endpoint
                0x0000241c       0x34 ./Generated_Code/usb_dci.o
                0x0000241c                _usb_device_stall_endpoint
 .text._usb_device_unstall_endpoint
                0x00002450       0x34 ./Generated_Code/usb_dci.o
                0x00002450                _usb_device_unstall_endpoint
 .text._usb_device_recv_data
                0x00002484      0x1b4 ./Generated_Code/usb_dci.o
                0x00002484                _usb_device_recv_data
 .text._usb_device_send_data
                0x00002638       0xb8 ./Generated_Code/usb_dci.o
                0x00002638                _usb_device_send_data
 .text._usb_device_set_address
                0x000026f0       0x24 ./Generated_Code/usb_dci.o
                0x000026f0                _usb_device_set_address
 .text._usb_device_assert_resume
                0x00002714       0x1c ./Generated_Code/usb_dci.o
                0x00002714                _usb_device_assert_resume
 .text.Clear_Mem
                0x00002730       0x28 ./Generated_Code/usb_dci.o
                0x00002730                Clear_Mem
 .text.USB_Suspend_Service
                0x00002758       0x30 ./Generated_Code/usb_class.o
 .text.USB_Resume_Service
                0x00002788       0x3c ./Generated_Code/usb_class.o
 .text.USB_Stall_Service
                0x000027c4       0x34 ./Generated_Code/usb_class.o
 .text.USB_Sof_Service
                0x000027f8       0x78 ./Generated_Code/usb_class.o
 .text.USB_Reset_Service
                0x00002870      0x120 ./Generated_Code/usb_class.o
 .text.USB_Error_Service
                0x00002990       0x28 ./Generated_Code/usb_class.o
 .text.USB_Class_Init
                0x000029b8      0x158 ./Generated_Code/usb_class.o
                0x000029b8                USB_Class_Init
 .text.USB_Class_Send_Data
                0x00002b10       0xc8 ./Generated_Code/usb_class.o
                0x00002b10                USB_Class_Send_Data
 .text.USB_LDD_UsbLock
                0x00002bd8       0x40 ./Generated_Code/USB_LDD.o
 .text.USB_LDD_UsbUnlock
                0x00002c18       0x40 ./Generated_Code/USB_LDD.o
 .text.USB_LDD_StartTimer
                0x00002c58       0x30 ./Generated_Code/USB_LDD.o
 .text.USB_LDD_DeviceQueueDataPacket
                0x00002c88       0xa4 ./Generated_Code/USB_LDD.o
 .text.USB_LDD_DeviceReceiveSetupPacket
                0x00002d2c       0x3c ./Generated_Code/USB_LDD.o
 .text.USB_LDD_DeviceQueueTransfer
                0x00002d68      0x1fc ./Generated_Code/USB_LDD.o
 .text.USB_LDD_DeviceDataPacketDone
                0x00002f64       0xc8 ./Generated_Code/USB_LDD.o
 .text.USB_LDD_DeviceAbortAllTransfers
                0x0000302c       0xbc ./Generated_Code/USB_LDD.o
 .text.USB_LDD_DeviceDisableAllEp
                0x000030e8      0x1e0 ./Generated_Code/USB_LDD.o
 .text.USB_LDD_Init
                0x000032c8      0x138 ./Generated_Code/USB_LDD.o
                0x000032c8                USB_LDD_Init
 .text.USB_LDD_Enable
                0x00003400       0xd8 ./Generated_Code/USB_LDD.o
                0x00003400                USB_LDD_Enable
 .text.USB_LDD_DeviceSetAddress
                0x000034d8       0x38 ./Generated_Code/USB_LDD.o
                0x000034d8                USB_LDD_DeviceSetAddress
 .text.USB_LDD_DeviceAssertResume
                0x00003510       0x88 ./Generated_Code/USB_LDD.o
                0x00003510                USB_LDD_DeviceAssertResume
 .text.USB_LDD_DeviceInitEndpoint
                0x00003598      0x304 ./Generated_Code/USB_LDD.o
                0x00003598                USB_LDD_DeviceInitEndpoint
 .text.USB_LDD_DeviceDeinitEndpoint
                0x0000389c      0x148 ./Generated_Code/USB_LDD.o
                0x0000389c                USB_LDD_DeviceDeinitEndpoint
 .text.USB_LDD_DeviceStallEndpoint
                0x000039e4       0xcc ./Generated_Code/USB_LDD.o
                0x000039e4                USB_LDD_DeviceStallEndpoint
 .text.USB_LDD_DeviceUnstallEndpoint
                0x00003ab0       0x9c ./Generated_Code/USB_LDD.o
                0x00003ab0                USB_LDD_DeviceUnstallEndpoint
 .text.USB_LDD_DeviceReadSetupData
                0x00003b4c       0x8c ./Generated_Code/USB_LDD.o
                0x00003b4c                USB_LDD_DeviceReadSetupData
 .text.USB_LDD_DeviceSendData
                0x00003bd8       0x24 ./Generated_Code/USB_LDD.o
                0x00003bd8                USB_LDD_DeviceSendData
 .text.USB_LDD_DeviceRecvData
                0x00003bfc       0x24 ./Generated_Code/USB_LDD.o
                0x00003bfc                USB_LDD_DeviceRecvData
 .text.USB_LDD_DeviceIsr
                0x00003c20      0x428 ./Generated_Code/USB_LDD.o
 .text.USB_LDD_USB_Interrupt
                0x00004048       0xa4 ./Generated_Code/USB_LDD.o
                0x00004048                USB_LDD_USB_Interrupt
 .text.SysTick_Init
                0x000040ec       0x24 ./Generated_Code/SysTick.o
                0x000040ec                SysTick_Init
 .text.PTD0_50HZ_Init
                0x00004110       0x60 ./Generated_Code/PTD0_50HZ.o
                0x00004110                PTD0_50HZ_Init
 .text.PTD0_50HZ_PutVal
                0x00004170       0x30 ./Generated_Code/PTD0_50HZ.o
                0x00004170                PTD0_50HZ_PutVal
 .text.PE_FillMemory
                0x000041a0       0x28 ./Generated_Code/PE_LDD.o
                0x000041a0                PE_FillMemory
 .text.MPU6050_DRDY_Init
                0x000041c8       0x88 ./Generated_Code/MPU6050_DRDY.o
                0x000041c8                MPU6050_DRDY_Init
 .text.MPU6050_DRDY_Interrupt
                0x00004250       0x34 ./Generated_Code/MPU6050_DRDY.o
                0x00004250                MPU6050_DRDY_Interrupt
 .text.Cpu_INT_NMIInterrupt
                0x00004284        0xc ./Generated_Code/Cpu.o
                0x00004284                Cpu_INT_NMIInterrupt
 .text.Cpu_Interrupt
                0x00004290        0xc ./Generated_Code/Cpu.o
                0x00004290                Cpu_Interrupt
 .text.__init_hardware
                0x0000429c      0x174 ./Generated_Code/Cpu.o
                0x0000429c                __init_hardware
 .text.PE_low_level_init
                0x00004410       0xf8 ./Generated_Code/Cpu.o
                0x00004410                PE_low_level_init
 .text.zero_fill_bss
                0x00004508       0x24 ./Project_Settings/Startup_Code/__arm_start.o
 .text.__thumb_startup
                0x0000452c       0x30 ./Project_Settings/Startup_Code/__arm_start.o
                0x0000452c                __thumb_startup
 .text._ExitProcess
                0x0000455c        0xc ./Project_Settings/Startup_Code/__arm_end.o
                0x0000455c                _ExitProcess
 .text.USB_Service_Mems_Status_Interrupt
                0x00004568      0x1d0 ./Sources/USB/usb_mems.o
 .text.USB_Class_MEMS_Service_Dic_Bulk_In
                0x00004738      0x200 ./Sources/USB/usb_mems.o
 .text.USB_Class_MEMS_Service_Dic_Bulk_Out
                0x00004938       0x84 ./Sources/USB/usb_mems.o
 .text.USB_Class_Mems_Event
                0x000049bc      0x1f4 ./Sources/USB/usb_mems.o
 .text.USB_Get_Request_MCU
                0x00004bb0       0xa4 ./Sources/USB/usb_mems.o
 .text.USB_Set_Request_MCU
                0x00004c54       0xb4 ./Sources/USB/usb_mems.o
 .text.USB_Other_Requests
                0x00004d08       0x80 ./Sources/USB/usb_mems.o
 .text.USB_Class_Mems_Init
                0x00004d88      0x174 ./Sources/USB/usb_mems.o
                0x00004d88                USB_Class_Mems_Init
 .text.USB_Class_Mems_Send_Data
                0x00004efc      0x1c8 ./Sources/USB/usb_mems.o
                0x00004efc                USB_Class_Mems_Send_Data
 .text.TestApp_Init
                0x000050c4       0x24 ./Sources/USB/usb_init.o
                0x000050c4                TestApp_Init
 .text.USB_App_Callback
                0x000050e8       0x58 ./Sources/USB/usb_init.o
 .text.USB_Desc_Get_Descriptor
                0x00005140      0x140 ./Sources/usb_descriptor.o
                0x00005140                USB_Desc_Get_Descriptor
 .text.USB_Desc_Get_Interface
                0x00005280       0x3c ./Sources/usb_descriptor.o
                0x00005280                USB_Desc_Get_Interface
 .text.USB_Desc_Valid_Configation
                0x000052bc       0x58 ./Sources/usb_descriptor.o
                0x000052bc                USB_Desc_Valid_Configation
 .text.USB_Desc_Remote_Wakeup
                0x00005314       0x18 ./Sources/usb_descriptor.o
                0x00005314                USB_Desc_Remote_Wakeup
 .text.USB_Desc_Get_Endpoints
                0x0000532c       0x1c ./Sources/usb_descriptor.o
                0x0000532c                USB_Desc_Get_Endpoints
 .text.USB_Desc_Set_Interface
                0x00005348       0x38 ./Sources/usb_descriptor.o
                0x00005348                USB_Desc_Set_Interface
 .text.main     0x00005380       0x28 ./Sources/ProcessorExpert.o
                0x00005380                main
 .text.ReadData
                0x000053a8      0x104 ./Sources/Process.o
                0x000053a8                ReadData
 .text.TransmitMCUData
                0x000054ac       0x54 ./Sources/Process.o
                0x000054ac                TransmitMCUData
 .text.CopySensorDataToMCUData
                0x00005500       0xf8 ./Sources/Process.o
                0x00005500                CopySensorDataToMCUData
 .text.PackData
                0x000055f8      0x12c ./Sources/Process.o
                0x000055f8                PackData
 .text.Process  0x00005724       0x54 ./Sources/Process.o
                0x00005724                Process
 .text.SwapARMDataBuffer
                0x00005778      0x244 ./Sources/Process.o
                0x00005778                SwapARMDataBuffer
 .text.UserInit
                0x000059bc       0x18 ./Sources/Init.o
                0x000059bc                UserInit
 .text.UserDataInit
                0x000059d4       0x1c ./Sources/Init.o
                0x000059d4                UserDataInit
 .text.SENSORDataInit
                0x000059f0       0x5c ./Sources/Init.o
                0x000059f0                SENSORDataInit
 .text.MCUDataInit
                0x00005a4c       0x70 ./Sources/Init.o
                0x00005a4c                MCUDataInit
 .text.ARMDataInit
                0x00005abc      0x150 ./Sources/Init.o
                0x00005abc                ARMDataInit
 .text.OnChipInit
                0x00005c0c       0x18 ./Sources/Init.o
                0x00005c0c                OnChipInit
 .text.PeripheralInit
                0x00005c24       0x18 ./Sources/Init.o
                0x00005c24                PeripheralInit
 .text.GPIOInit
                0x00005c3c       0x14 ./Sources/Init.o
                0x00005c3c                GPIOInit
 .text.Cpu_OnNMIINT
                0x00005c50        0x8 ./Sources/Events.o
                0x00005c50                Cpu_OnNMIINT
 .text.MPU6050_DRDY_OnInterrupt
                0x00005c58       0x34 ./Sources/Events.o
                0x00005c58                MPU6050_DRDY_OnInterrupt
 .text.Systick_IRQ
                0x00005c8c       0x38 ./Sources/Events.o
                0x00005c8c                Systick_IRQ
 .text.__init_cpp
                0x00005cc4       0x48 E:/Freescale/CW MCU v10.5/MCU/ARM_GCC_Support/ewl/lib/armv6-m\librt.a(gcc_ctor_dtor.o)
                0x00005cc4                __init_cpp
 .text.__fini_cpp
                0x00005d0c       0x34 E:/Freescale/CW MCU v10.5/MCU/ARM_GCC_Support/ewl/lib/armv6-m\librt.a(gcc_ctor_dtor.o)
                0x00005d0c                __fini_cpp
 .text.__copy_rom_section
                0x00005d40       0x48 E:/Freescale/CW MCU v10.5/MCU/ARM_GCC_Support/ewl/lib/armv6-m\librt.a(ROMCopy.o)
                0x00005d40                __copy_rom_section
 .text.__copy_rom_sections_to_ram
                0x00005d88       0x34 E:/Freescale/CW MCU v10.5/MCU/ARM_GCC_Support/ewl/lib/armv6-m\librt.a(ROMCopy.o)
                0x00005d88                __copy_rom_sections_to_ram
 .text.__destroy_global_chain
                0x00005dbc       0x1c E:/Freescale/CW MCU v10.5/MCU/ARM_GCC_Support/ewl/lib/armv6-m\librt.a(__arm_eabi_init.o)
                0x00005dbc                __destroy_global_chain
 .text.__init_registers
                0x00005dd8       0x1c E:/Freescale/CW MCU v10.5/MCU/ARM_GCC_Support/ewl/lib/armv6-m\librt.a(__arm_eabi_init.o)
                0x00005dd8                __init_registers
 .text.__init_user
                0x00005df4        0x4 E:/Freescale/CW MCU v10.5/MCU/ARM_GCC_Support/ewl/lib/armv6-m\librt.a(__arm_eabi_init.o)
                0x00005df4                __init_user
 .text.sbrk     0x00005df8       0x2c E:/Freescale/CW MCU v10.5/MCU/ARM_GCC_Support/ewl/lib/armv6-m\libc.a(alloc.o)
                0x00005df8                sbrk
 .text.malloc   0x00005e24      0x114 E:/Freescale/CW MCU v10.5/MCU/ARM_GCC_Support/ewl/lib/armv6-m\libc.a(alloc.o)
                0x00005e24                malloc
 .text.free     0x00005f38       0x12 E:/Freescale/CW MCU v10.5/MCU/ARM_GCC_Support/ewl/lib/armv6-m\libc.a(alloc.o)
                0x00005f38                free
 *fill*         0x00005f4a        0x2 00
 .text.exit     0x00005f4c       0x38 E:/Freescale/CW MCU v10.5/MCU/ARM_GCC_Support/ewl/lib/armv6-m\libc.a(exit.o)
                0x00005f4c                exit
 .text.memcpy   0x00005f84       0x12 E:/Freescale/CW MCU v10.5/MCU/ARM_GCC_Support/ewl/lib/armv6-m\libc.a(memcpy.o)
                0x00005f84                memcpy
 .text.memset   0x00005f96        0xc E:/Freescale/CW MCU v10.5/MCU/ARM_GCC_Support/ewl/lib/armv6-m\libc.a(memset.o)
                0x00005f96                memset
 .text.__fill_mem
                0x00005fa2       0x7e E:/Freescale/CW MCU v10.5/MCU/ARM_GCC_Support/ewl/lib/armv6-m\libc.a(__filll_mem.o)
                0x00005fa2                __fill_mem
 *(.rodata)
 *(.rodata*)
 .rodata.g_validate_request
                0x00006020       0x28 ./Generated_Code/usb_framework.o
                0x00006020                g_validate_request
 .rodata.g_standard_request
                0x00006048       0x34 ./Generated_Code/usb_framework.o
                0x00006048                g_standard_request
 .rodata.USB_LDD_DeviceQueueTransfer
                0x0000607c       0x18 ./Generated_Code/USB_LDD.o
 .rodata.usb_desc_ep
                0x00006094       0x18 ./Sources/usb_descriptor.o
                0x00006094                usb_desc_ep
 .rodata.g_std_desc_size
                0x000060ac       0x24 ./Sources/usb_descriptor.o
                0x000060ac                g_std_desc_size
 .rodata.g_std_descriptors
                0x000060d0       0x24 ./Sources/usb_descriptor.o
                0x000060d0                g_std_descriptors
 .rodata.g_string_desc_size
                0x000060f4        0x4 ./Sources/usb_descriptor.o
                0x000060f4                g_string_desc_size
 .rodata.g_string_descriptors
                0x000060f8       0x10 ./Sources/usb_descriptor.o
                0x000060f8                g_string_descriptors
 .rodata.g_languages
                0x00006108       0x20 ./Sources/usb_descriptor.o
                0x00006108                g_languages
 .rodata.g_valid_config_values
                0x00006128        0x4 ./Sources/usb_descriptor.o
                0x00006128                g_valid_config_values
 .rodata.DATA_FRAME_HEAD_SIZE
                0x0000612c        0x1 ./Sources/Process.o
                0x0000612c                DATA_FRAME_HEAD_SIZE
 *fill*         0x0000612d        0x3 00
 .rodata.SwapARMDataBuffer
                0x00006130       0x18 ./Sources/Process.o
 .rodata.DATA_FRAME_HEAD_BIT
                0x00006148        0x1 ./Sources/Init.o
                0x00006148                DATA_FRAME_HEAD_BIT
 .rodata.DATA_FRAME_TAIL_BIT
                0x00006149        0x1 ./Sources/Init.o
                0x00006149                DATA_FRAME_TAIL_BIT
 *(.glue_7)
 .glue_7        0x00000000        0x0 linker stubs
 *(.glue_7t)
 .glue_7t       0x00000000        0x0 linker stubs
 *(.eh_frame)
 *(.init)
 *(.fini)
                0x0000614c                . = ALIGN (0x4)
 *fill*         0x0000614a        0x2 00
                0x0000614c                _etext = .

.vfp11_veneer   0x0000614c        0x0
 .vfp11_veneer  0x00000000        0x0 linker stubs

.v4_bx          0x0000614c        0x0
 .v4_bx         0x00000000        0x0 linker stubs

.iplt           0x0000614c        0x0
 .iplt          0x00000000        0x0 ./Compents/calculate/calculate.o

.rel.dyn        0x0000614c        0x0
 .rel.iplt      0x00000000        0x0 ./Compents/calculate/calculate.o

.ARM.extab
 *(.ARM.extab* .gnu.linkonce.armextab.*)

.ARM            0x0000614c        0x0
                0x0000614c                __exidx_start = .
 *(.ARM.exidx*)
                0x0000614c                __exidx_end = .

.ctors          0x0000614c        0x0
                0x0000614c                __CTOR_LIST__ = .
 *crtbegin.o(.ctors)
 *(EXCLUDE_FILE(*crtend.o) .ctors)
 *(SORT(.ctors.*))
 *(.ctors)
                0x0000614c                __CTOR_END__ = .

.dtors          0x0000614c        0x0
                0x0000614c                __DTOR_LIST__ = .
 *crtbegin.o(.dtors)
 *(EXCLUDE_FILE(*crtend.o) .dtors)
 *(SORT(.dtors.*))
 *(.dtors)
                0x0000614c                __DTOR_END__ = .

.preinit_array  0x0000614c        0x0
                0x0000614c                PROVIDE (__preinit_array_start, .)
 *(.preinit_array*)
                0x0000614c                PROVIDE (__preinit_array_end, .)

.init_array     0x0000614c        0x0
                0x0000614c                PROVIDE (__init_array_start, .)
 *(SORT(.init_array.*))
 *(.init_array*)
                0x0000614c                PROVIDE (__init_array_end, .)

.fini_array     0x0000614c        0x0
                0x0000614c                PROVIDE (__fini_array_start, .)
 *(SORT(.fini_array.*))
 *(.fini_array*)
                0x0000614c                PROVIDE (__fini_array_end, .)
                0x0000614c                ___ROM_AT = .

.mtb            0x1ffff000        0x0
                0x1ffff000                . = ALIGN (0x8)
                0x1ffff000                _mtb_start = .
 *(.mtb_buf)
                0x1ffff000                . = ALIGN (0x8)
                0x1ffff000                _mtb_end = .

.data           0x1ffff000       0xc8 load address 0x0000614c
                0x1ffff000                . = ALIGN (0x4)
                0x1ffff000                _sdata = .
 *(.data)
 *(.data*)
 .data.S_FrameNumber
                0x1ffff000        0x2 ./Generated_Code/USB_LDD.o
                0x1ffff000                S_FrameNumber
 *fill*         0x1ffff002        0x2 00
 .data.g_device_descriptor
                0x1ffff004       0x14 ./Sources/usb_descriptor.o
                0x1ffff004                g_device_descriptor
 .data.g_config_descriptor
                0x1ffff018       0x30 ./Sources/usb_descriptor.o
                0x1ffff018                g_config_descriptor
 .data.USB_STR_0
                0x1ffff048        0x4 ./Sources/usb_descriptor.o
                0x1ffff048                USB_STR_0
 .data.USB_STR_1
                0x1ffff04c       0x28 ./Sources/usb_descriptor.o
                0x1ffff04c                USB_STR_1
 .data.USB_STR_2
                0x1ffff074       0x28 ./Sources/usb_descriptor.o
                0x1ffff074                USB_STR_2
 .data.USB_STR_n
                0x1ffff09c       0x24 ./Sources/usb_descriptor.o
                0x1ffff09c                USB_STR_n
 .data.MCU_NUMBER
                0x1ffff0c0        0x1 ./Sources/ProcessorExpert.o
                0x1ffff0c0                MCU_NUMBER
 .data.Init_State
                0x1ffff0c1        0x1 ./Sources/ProcessorExpert.o
                0x1ffff0c1                Init_State
 *fill*         0x1ffff0c2        0x2 00
 .data.tail     0x1ffff0c4        0x4 E:/Freescale/CW MCU v10.5/MCU/ARM_GCC_Support/ewl/lib/armv6-m\libc.a(alloc.o)
                0x1ffff0c8                . = ALIGN (0x4)
                0x1ffff0c8                _edata = .
                0x000000c8                ___data_size = (_edata - _sdata)

.igot.plt       0x1ffff0c8        0x0 load address 0x00006214
 .igot.plt      0x00000000        0x0 ./Compents/calculate/calculate.o
                0x1ffff0c8                . = ALIGN (0x4)

.bss            0x1ffff200      0x9b0 load address 0x00006400
                0x1ffff200                __START_BSS = .
                0x1ffff200                PROVIDE (__bss_start__, __START_BSS)
 *(.bss)
 *(.bss*)
 .bss.g_setup_pkt
                0x1ffff200        0x8 ./Generated_Code/usb_framework.o
 .bss.g_std_framework_data
                0x1ffff208        0x2 ./Generated_Code/usb_framework.o
 .bss.g_assigned_address
                0x1ffff20a        0x1 ./Generated_Code/usb_framework.o
 *fill*         0x1ffff20b        0x1 00
 .bss.g_framework_callback
                0x1ffff20c        0x4 ./Generated_Code/usb_framework.o
 .bss.g_other_req_callback
                0x1ffff210        0x4 ./Generated_Code/usb_framework.o
 .bss.ext_req_to_host
                0x1ffff214       0x20 ./Generated_Code/usb_framework.o
 .bss.g_usb_CB  0x1ffff234       0x60 ./Generated_Code/usb_driver.o
 .bss.g_usb_component_status
                0x1ffff294       0x10 ./Generated_Code/usb_driver.o
 .bss.g_usb_ep_status
                0x1ffff2a4       0x20 ./Generated_Code/usb_driver.o
 .bss.g_EPn     0x1ffff2c4        0x1 ./Generated_Code/usb_driver.o
 .bss.g_EPn_max
                0x1ffff2c5        0x1 ./Generated_Code/usb_driver.o
 .bss.flag      0x1ffff2c6        0x2 ./Generated_Code/usb_device.o
 .bss.first     0x1ffff2c8        0x2 ./Generated_Code/usb_device.o
 *fill*         0x1ffff2ca        0x2 00
 .bss.g_bdt_elem
                0x1ffff2cc      0x100 ./Generated_Code/usb_dci.o
 .bss.g_class_callback
                0x1ffff3cc        0x4 ./Generated_Code/usb_class.o
 .bss.g_device_state_before_suspend
                0x1ffff3d0        0x2 ./Generated_Code/usb_class.o
 *fill*         0x1ffff3d2       0x2e 00
 .bss.DevDataPtr__DEFAULT_RTOS_ALLOC
                0x1ffff400      0x400 ./Generated_Code/USB_LDD.o
 .bss.INT_USB0__DEFAULT_RTOS_ISRPARAM
                0x1ffff800        0x4 ./Generated_Code/USB_LDD.o
 .bss.DeviceDataPrv__DEFAULT_RTOS_ALLOC
                0x1ffff804        0x4 ./Generated_Code/PTD0_50HZ.o
 .bss.PE_LDD_DeviceDataList
                0x1ffff808        0xc ./Generated_Code/PE_LDD.o
                0x1ffff808                PE_LDD_DeviceDataList
 .bss.DeviceDataPrv__DEFAULT_RTOS_ALLOC
                0x1ffff814        0x4 ./Generated_Code/MPU6050_DRDY.o
 .bss.INT_PORTA__DEFAULT_RTOS_ISRPARAM
                0x1ffff818        0x4 ./Generated_Code/MPU6050_DRDY.o
 .bss.SR_lock   0x1ffff81c        0x1 ./Generated_Code/Cpu.o
                0x1ffff81c                SR_lock
 *fill*         0x1ffff81d        0x3 00
 .bss.argv      0x1ffff820        0x4 ./Project_Settings/Startup_Code/__arm_start.o
 .bss.g_current_interface
                0x1ffff824        0x1 ./Sources/USB/usb_mems.o
 *fill*         0x1ffff825        0x3 00
 .bss.g_mems_class_callback
                0x1ffff828        0x4 ./Sources/USB/usb_mems.o
 .bss.g_vendor_req_callback
                0x1ffff82c        0x4 ./Sources/USB/usb_mems.o
 .bss.g_param_callback
                0x1ffff830        0x4 ./Sources/USB/usb_mems.o
 .bss.start_app
                0x1ffff834        0x1 ./Sources/USB/usb_init.o
 *fill*         0x1ffff835        0x3 00
 .bss.g_alternate_interface
                0x1ffff838        0x4 ./Sources/usb_descriptor.o
 .bss.chDataCnt
                0x1ffff83c        0x4 ./Sources/Process.o
 .bss.packCnt   0x1ffff840        0x2 ./Sources/Process.o
 .bss.intCnt    0x1ffff842        0x2 ./Sources/Process.o
                0x1ffff842                intCnt
 .bss.overflowCnt
                0x1ffff844        0x1 ./Sources/Process.o
 *fill*         0x1ffff845        0x3 00
 .bss.__S_romp  0x1ffff848        0xc E:/Freescale/CW MCU v10.5/MCU/ARM_GCC_Support/ewl/lib/armv6-m\librt.a(ROMCopy.o)
 .bss.__global_destructor_chain
                0x1ffff854        0x4 E:/Freescale/CW MCU v10.5/MCU/ARM_GCC_Support/ewl/lib/armv6-m\librt.a(__arm_eabi_init.o)
                0x1ffff854                __global_destructor_chain
 .bss.head      0x1ffff858        0x4 E:/Freescale/CW MCU v10.5/MCU/ARM_GCC_Support/ewl/lib/armv6-m\libc.a(alloc.o)
 .bss.heap_end.4347
                0x1ffff85c        0x4 E:/Freescale/CW MCU v10.5/MCU/ARM_GCC_Support/ewl/lib/armv6-m\libc.a(alloc.o)
 .bss.__stdio_exit
                0x1ffff860        0x4 E:/Freescale/CW MCU v10.5/MCU/ARM_GCC_Support/ewl/lib/armv6-m\libc.a(exit.o)
                0x1ffff860                __stdio_exit
 .bss.__console_exit
                0x1ffff864        0x4 E:/Freescale/CW MCU v10.5/MCU/ARM_GCC_Support/ewl/lib/armv6-m\libc.a(exit.o)
                0x1ffff864                __console_exit
 *(COMMON)
 COMMON         0x1ffff868      0x160 ./Generated_Code/usb_device.o
                0x1ffff868                tARM
                0x1ffff940                tSENSOR
                0x1ffff960                tMCUPtr
                0x1ffff964                tSENSORPtr
                0x1ffff968                tARMPtr
                0x1ffff96c                tMCU
 COMMON         0x1ffff9c8      0x178 ./Generated_Code/usb_dci.o
                0x1ffff9c8                g_dci_controller_Id
                0x1ffff9cc                USBDevDataPtr
                0x1ffff9d0                pSDP
                0x1ffff9d8                EPDataTDPtr
 COMMON         0x1ffffb40        0x2 ./Generated_Code/USB_LDD.o
                0x1ffffb40                G_FrameNumber
 COMMON         0x1ffffb42        0x1 ./Generated_Code/Cpu.o
                0x1ffffb42                SR_reg
 *fill*         0x1ffffb43        0x1 00
 COMMON         0x1ffffb44       0x40 ./Sources/USB/usb_mems.o
                0x1ffffb44                g_mems_endpoint_data
 COMMON         0x1ffffb84       0x2a ./Sources/ProcessorExpert.o
                0x1ffffb84                Mx_offset
                0x1ffffb88                Mz_offset
                0x1ffffb8c                max_Mz
                0x1ffffb8e                TimingDelay
                0x1ffffb90                min_Mx
                0x1ffffb94                My_offset
                0x1ffffb98                max_Mx
                0x1ffffb9a                min_Mz
                0x1ffffb9c                min_My
                0x1ffffba0                yaw
                0x1ffffba4                pitch
                0x1ffffba8                roll
                0x1ffffbac                max_My
                0x1ffffbb0                . = ALIGN (0x4)
 *fill*         0x1ffffbae        0x2 00
                0x1ffffbb0                __END_BSS = .
                0x1ffffbb0                PROVIDE (__bss_end__, __END_BSS)
                0x00006214                _romp_at = (___ROM_AT + SIZEOF (.data))

.romp           0x1ffffbb0       0x18 load address 0x00006214
                0x00006214                __S_romp = _romp_at
                0x1ffffbb0        0x4 LONG 0x614c ___ROM_AT
                0x1ffffbb4        0x4 LONG 0x1ffff000 _sdata
                0x1ffffbb8        0x4 LONG 0xc8 ___data_size
                0x1ffffbbc        0x4 LONG 0x0
                0x1ffffbc0        0x4 LONG 0x0
                0x1ffffbc4        0x4 LONG 0x0

._user_heap_stack
                0x1ffffbc8      0x400 load address 0x0000622c
                0x1ffffbc8                . = ALIGN (0x4)
                0x1ffffbc8                PROVIDE (end, .)
                0x1ffffbc8                PROVIDE (_end, .)
                0x1ffffbc8                __heap_addr = .
                0x1ffffbc8                . = (. + __heap_size)
                0x1fffffc8                . = (. + __stack_size)
 *fill*         0x1ffffbc8      0x400 00
                0x1fffffc8                . = ALIGN (0x4)

.ARM.attributes
                0x00000000       0x31
 *(.ARM.attributes)
 .ARM.attributes
                0x00000000       0x31 ./Compents/delay/delay.o
 .ARM.attributes
                0x00000031       0x31 ./Compents/hal_iic/hal_iic.o
 .ARM.attributes
                0x00000062       0x31 ./Compents/hmc5883/myiic_m.o
 .ARM.attributes
                0x00000093       0x31 ./Compents/hmc5883/hmc5883.o
 .ARM.attributes
                0x000000c4       0x31 ./Compents/mpu6050/myiic_g.o
 .ARM.attributes
                0x000000f5       0x31 ./Compents/mpu6050/mpu6050.o
 .ARM.attributes
                0x00000126       0x31 ./Generated_Code/usb_framework.o
 .ARM.attributes
                0x00000157       0x31 ./Generated_Code/usb_driver.o
 .ARM.attributes
                0x00000188       0x31 ./Generated_Code/usb_device.o
 .ARM.attributes
                0x000001b9       0x31 ./Generated_Code/usb_dci.o
 .ARM.attributes
                0x000001ea       0x31 ./Generated_Code/usb_class.o
 .ARM.attributes
                0x0000021b       0x31 ./Generated_Code/Vectors.o
 .ARM.attributes
                0x0000024c       0x31 ./Generated_Code/USB_LDD.o
 .ARM.attributes
                0x0000027d       0x31 ./Generated_Code/SysTick.o
 .ARM.attributes
                0x000002ae       0x31 ./Generated_Code/PTD0_50HZ.o
 .ARM.attributes
                0x000002df       0x31 ./Generated_Code/PE_LDD.o
 .ARM.attributes
                0x00000310       0x31 ./Generated_Code/MPU6050_DRDY.o
 .ARM.attributes
                0x00000341       0x31 ./Generated_Code/Cpu.o
 .ARM.attributes
                0x00000372       0x31 ./Project_Settings/Startup_Code/__arm_start.o
 .ARM.attributes
                0x000003a3       0x31 ./Project_Settings/Startup_Code/__arm_end.o
 .ARM.attributes
                0x000003d4       0x31 ./Sources/USB/usb_mems.o
 .ARM.attributes
                0x00000405       0x31 ./Sources/USB/usb_init.o
 .ARM.attributes
                0x00000436       0x31 ./Sources/usb_descriptor.o
 .ARM.attributes
                0x00000467       0x31 ./Sources/ProcessorExpert.o
 .ARM.attributes
                0x00000498       0x31 ./Sources/Process.o
 .ARM.attributes
                0x000004c9       0x31 ./Sources/Init.o
 .ARM.attributes
                0x000004fa       0x31 ./Sources/Events.o
 .ARM.attributes
                0x0000052b       0x31 E:/Freescale/CW MCU v10.5/MCU/ARM_GCC_Support/ewl/lib/armv6-m\librt.a(gcc_ctor_dtor.o)
 .ARM.attributes
                0x0000055c       0x31 E:/Freescale/CW MCU v10.5/MCU/ARM_GCC_Support/ewl/lib/armv6-m\librt.a(ROMCopy.o)
 .ARM.attributes
                0x0000058d       0x31 E:/Freescale/CW MCU v10.5/MCU/ARM_GCC_Support/ewl/lib/armv6-m\librt.a(__arm_eabi_init.o)
 .ARM.attributes
                0x000005be       0x31 E:/Freescale/CW MCU v10.5/MCU/ARM_GCC_Support/ewl/lib/armv6-m\libc.a(alloc.o)
 .ARM.attributes
                0x000005ef       0x31 E:/Freescale/CW MCU v10.5/MCU/ARM_GCC_Support/ewl/lib/armv6-m\libc.a(exit.o)
 .ARM.attributes
                0x00000620       0x31 E:/Freescale/CW MCU v10.5/MCU/ARM_GCC_Support/ewl/lib/armv6-m\libc.a(memcpy.o)
 .ARM.attributes
                0x00000651       0x31 E:/Freescale/CW MCU v10.5/MCU/ARM_GCC_Support/ewl/lib/armv6-m\libc.a(memset.o)
 .ARM.attributes
                0x00000682       0x31 E:/Freescale/CW MCU v10.5/MCU/ARM_GCC_Support/ewl/lib/armv6-m\libc.a(__filll_mem.o)
 .ARM.attributes
                0x000006b3       0x1e e:/freescale/cw mcu v10.5/cross_tools/arm-none-eabi-gcc-4_7_3/bin/../lib/gcc/arm-none-eabi/4.7.3/armv6-m\libgcc.a(_udivsi3.o)
 .ARM.attributes
                0x000006d1       0x1e e:/freescale/cw mcu v10.5/cross_tools/arm-none-eabi-gcc-4_7_3/bin/../lib/gcc/arm-none-eabi/4.7.3/armv6-m\libgcc.a(_dvmd_tls.o)
OUTPUT(Sensor3.0_KL25Z.elf elf32-littlearm)

.debug_info     0x00000000     0xa2f8
 .debug_info    0x00000000      0x13e ./Compents/delay/delay.o
 .debug_info    0x0000013e      0x365 ./Compents/hal_iic/hal_iic.o
 .debug_info    0x000004a3      0x427 ./Compents/hmc5883/myiic_m.o
 .debug_info    0x000008ca      0x296 ./Compents/hmc5883/hmc5883.o
 .debug_info    0x00000b60      0x427 ./Compents/mpu6050/myiic_g.o
 .debug_info    0x00000f87      0x2f0 ./Compents/mpu6050/mpu6050.o
 .debug_info    0x00001277      0x8bf ./Generated_Code/usb_framework.o
 .debug_info    0x00001b36      0x53b ./Generated_Code/usb_driver.o
 .debug_info    0x00002071      0x9de ./Generated_Code/usb_device.o
 .debug_info    0x00002a4f      0xbf0 ./Generated_Code/usb_dci.o
 .debug_info    0x0000363f      0x4c8 ./Generated_Code/usb_class.o
 .debug_info    0x00003b07      0x104 ./Generated_Code/Vectors.o
 .debug_info    0x00003c0b     0x1fd9 ./Generated_Code/USB_LDD.o
 .debug_info    0x00005be4       0xf7 ./Generated_Code/SysTick.o
 .debug_info    0x00005cdb      0x399 ./Generated_Code/PTD0_50HZ.o
 .debug_info    0x00006074      0x24e ./Generated_Code/PE_LDD.o
 .debug_info    0x000062c2      0x2f3 ./Generated_Code/MPU6050_DRDY.o
 .debug_info    0x000065b5      0x95f ./Generated_Code/Cpu.o
 .debug_info    0x00006f14      0x12a ./Project_Settings/Startup_Code/__arm_start.o
 .debug_info    0x0000703e       0x54 ./Project_Settings/Startup_Code/__arm_end.o
 .debug_info    0x00007092      0x9b2 ./Sources/USB/usb_mems.o
 .debug_info    0x00007a44      0x10f ./Sources/USB/usb_init.o
 .debug_info    0x00007b53      0x5ed ./Sources/usb_descriptor.o
 .debug_info    0x00008140      0x284 ./Sources/ProcessorExpert.o
 .debug_info    0x000083c4      0x832 ./Sources/Process.o
 .debug_info    0x00008bf6      0x735 ./Sources/Init.o
 .debug_info    0x0000932b      0x2e9 ./Sources/Events.o
 .debug_info    0x00009614      0x136 E:/Freescale/CW MCU v10.5/MCU/ARM_GCC_Support/ewl/lib/armv6-m\librt.a(gcc_ctor_dtor.o)
 .debug_info    0x0000974a      0x19b E:/Freescale/CW MCU v10.5/MCU/ARM_GCC_Support/ewl/lib/armv6-m\librt.a(ROMCopy.o)
 .debug_info    0x000098e5      0x2b9 E:/Freescale/CW MCU v10.5/MCU/ARM_GCC_Support/ewl/lib/armv6-m\librt.a(__arm_eabi_init.o)
 .debug_info    0x00009b9e      0x340 E:/Freescale/CW MCU v10.5/MCU/ARM_GCC_Support/ewl/lib/armv6-m\libc.a(alloc.o)
 .debug_info    0x00009ede       0xe8 E:/Freescale/CW MCU v10.5/MCU/ARM_GCC_Support/ewl/lib/armv6-m\libc.a(exit.o)
 .debug_info    0x00009fc6      0x10f E:/Freescale/CW MCU v10.5/MCU/ARM_GCC_Support/ewl/lib/armv6-m\libc.a(memcpy.o)
 .debug_info    0x0000a0d5       0xec E:/Freescale/CW MCU v10.5/MCU/ARM_GCC_Support/ewl/lib/armv6-m\libc.a(memset.o)
 .debug_info    0x0000a1c1      0x137 E:/Freescale/CW MCU v10.5/MCU/ARM_GCC_Support/ewl/lib/armv6-m\libc.a(__filll_mem.o)

.debug_abbrev   0x00000000     0x2400
 .debug_abbrev  0x00000000       0xcb ./Compents/delay/delay.o
 .debug_abbrev  0x000000cb       0xe4 ./Compents/hal_iic/hal_iic.o
 .debug_abbrev  0x000001af       0xbe ./Compents/hmc5883/myiic_m.o
 .debug_abbrev  0x0000026d      0x11d ./Compents/hmc5883/hmc5883.o
 .debug_abbrev  0x0000038a       0xbe ./Compents/mpu6050/myiic_g.o
 .debug_abbrev  0x00000448      0x134 ./Compents/mpu6050/mpu6050.o
 .debug_abbrev  0x0000057c      0x141 ./Generated_Code/usb_framework.o
 .debug_abbrev  0x000006bd      0x137 ./Generated_Code/usb_driver.o
 .debug_abbrev  0x000007f4      0x1a4 ./Generated_Code/usb_device.o
 .debug_abbrev  0x00000998      0x1ef ./Generated_Code/usb_dci.o
 .debug_abbrev  0x00000b87      0x134 ./Generated_Code/usb_class.o
 .debug_abbrev  0x00000cbb       0xa3 ./Generated_Code/Vectors.o
 .debug_abbrev  0x00000d5e      0x20f ./Generated_Code/USB_LDD.o
 .debug_abbrev  0x00000f6d       0x94 ./Generated_Code/SysTick.o
 .debug_abbrev  0x00001001      0x12b ./Generated_Code/PTD0_50HZ.o
 .debug_abbrev  0x0000112c      0x102 ./Generated_Code/PE_LDD.o
 .debug_abbrev  0x0000122e      0x134 ./Generated_Code/MPU6050_DRDY.o
 .debug_abbrev  0x00001362      0x111 ./Generated_Code/Cpu.o
 .debug_abbrev  0x00001473       0x92 ./Project_Settings/Startup_Code/__arm_start.o
 .debug_abbrev  0x00001505       0x4c ./Project_Settings/Startup_Code/__arm_end.o
 .debug_abbrev  0x00001551      0x16c ./Sources/USB/usb_mems.o
 .debug_abbrev  0x000016bd       0x9c ./Sources/USB/usb_init.o
 .debug_abbrev  0x00001759       0xed ./Sources/usb_descriptor.o
 .debug_abbrev  0x00001846       0xaf ./Sources/ProcessorExpert.o
 .debug_abbrev  0x000018f5      0x1ab ./Sources/Process.o
 .debug_abbrev  0x00001aa0      0x186 ./Sources/Init.o
 .debug_abbrev  0x00001c26      0x11e ./Sources/Events.o
 .debug_abbrev  0x00001d44       0x99 E:/Freescale/CW MCU v10.5/MCU/ARM_GCC_Support/ewl/lib/armv6-m\librt.a(gcc_ctor_dtor.o)
 .debug_abbrev  0x00001ddd      0x120 E:/Freescale/CW MCU v10.5/MCU/ARM_GCC_Support/ewl/lib/armv6-m\librt.a(ROMCopy.o)
 .debug_abbrev  0x00001efd      0x1b3 E:/Freescale/CW MCU v10.5/MCU/ARM_GCC_Support/ewl/lib/armv6-m\librt.a(__arm_eabi_init.o)
 .debug_abbrev  0x000020b0      0x167 E:/Freescale/CW MCU v10.5/MCU/ARM_GCC_Support/ewl/lib/armv6-m\libc.a(alloc.o)
 .debug_abbrev  0x00002217       0x7a E:/Freescale/CW MCU v10.5/MCU/ARM_GCC_Support/ewl/lib/armv6-m\libc.a(exit.o)
 .debug_abbrev  0x00002291       0x95 E:/Freescale/CW MCU v10.5/MCU/ARM_GCC_Support/ewl/lib/armv6-m\libc.a(memcpy.o)
 .debug_abbrev  0x00002326       0x62 E:/Freescale/CW MCU v10.5/MCU/ARM_GCC_Support/ewl/lib/armv6-m\libc.a(memset.o)
 .debug_abbrev  0x00002388       0x78 E:/Freescale/CW MCU v10.5/MCU/ARM_GCC_Support/ewl/lib/armv6-m\libc.a(__filll_mem.o)

.debug_loc      0x00000000     0x2e70
 .debug_loc     0x00000000       0x64 ./Compents/delay/delay.o
 .debug_loc     0x00000064      0x2d8 ./Compents/hal_iic/hal_iic.o
 .debug_loc     0x0000033c       0x2c ./Compents/hmc5883/myiic_m.o
 .debug_loc     0x00000368      0x118 ./Compents/hmc5883/hmc5883.o
 .debug_loc     0x00000480       0x2c ./Compents/mpu6050/myiic_g.o
 .debug_loc     0x000004ac      0x150 ./Compents/mpu6050/mpu6050.o
 .debug_loc     0x000005fc      0x348 ./Generated_Code/usb_framework.o
 .debug_loc     0x00000944      0x224 ./Generated_Code/usb_driver.o
 .debug_loc     0x00000b68      0x1c0 ./Generated_Code/usb_device.o
 .debug_loc     0x00000d28      0x4fc ./Generated_Code/usb_dci.o
 .debug_loc     0x00001224      0x224 ./Generated_Code/usb_class.o
 .debug_loc     0x00001448      0x65a ./Generated_Code/USB_LDD.o
 .debug_loc     0x00001aa2       0x2c ./Generated_Code/SysTick.o
 .debug_loc     0x00001ace      0x118 ./Generated_Code/PTD0_50HZ.o
 .debug_loc     0x00001be6       0x9c ./Generated_Code/PE_LDD.o
 .debug_loc     0x00001c82       0x70 ./Generated_Code/MPU6050_DRDY.o
 .debug_loc     0x00001cf2       0xb0 ./Generated_Code/Cpu.o
 .debug_loc     0x00001da2       0x2c ./Project_Settings/Startup_Code/__arm_start.o
 .debug_loc     0x00001dce       0x38 ./Project_Settings/Startup_Code/__arm_end.o
 .debug_loc     0x00001e06      0x268 ./Sources/USB/usb_mems.o
 .debug_loc     0x0000206e       0x70 ./Sources/USB/usb_init.o
 .debug_loc     0x000020de      0x188 ./Sources/usb_descriptor.o
 .debug_loc     0x00002266       0x2c ./Sources/ProcessorExpert.o
 .debug_loc     0x00002292      0x138 ./Sources/Process.o
 .debug_loc     0x000023ca      0x184 ./Sources/Init.o
 .debug_loc     0x0000254e       0x90 ./Sources/Events.o
 .debug_loc     0x000025de       0x9d E:/Freescale/CW MCU v10.5/MCU/ARM_GCC_Support/ewl/lib/armv6-m\librt.a(gcc_ctor_dtor.o)
 .debug_loc     0x0000267b       0xd9 E:/Freescale/CW MCU v10.5/MCU/ARM_GCC_Support/ewl/lib/armv6-m\librt.a(ROMCopy.o)
 .debug_loc     0x00002754      0x197 E:/Freescale/CW MCU v10.5/MCU/ARM_GCC_Support/ewl/lib/armv6-m\librt.a(__arm_eabi_init.o)
 .debug_loc     0x000028eb      0x335 E:/Freescale/CW MCU v10.5/MCU/ARM_GCC_Support/ewl/lib/armv6-m\libc.a(alloc.o)
 .debug_loc     0x00002c20       0x3e E:/Freescale/CW MCU v10.5/MCU/ARM_GCC_Support/ewl/lib/armv6-m\libc.a(exit.o)
 .debug_loc     0x00002c5e       0x59 E:/Freescale/CW MCU v10.5/MCU/ARM_GCC_Support/ewl/lib/armv6-m\libc.a(memcpy.o)
 .debug_loc     0x00002cb7       0x6f E:/Freescale/CW MCU v10.5/MCU/ARM_GCC_Support/ewl/lib/armv6-m\libc.a(memset.o)
 .debug_loc     0x00002d26      0x14a E:/Freescale/CW MCU v10.5/MCU/ARM_GCC_Support/ewl/lib/armv6-m\libc.a(__filll_mem.o)

.debug_aranges  0x00000000      0x998
 .debug_aranges
                0x00000000       0x28 ./Compents/delay/delay.o
 .debug_aranges
                0x00000028       0x80 ./Compents/hal_iic/hal_iic.o
 .debug_aranges
                0x000000a8       0x20 ./Compents/hmc5883/myiic_m.o
 .debug_aranges
                0x000000c8       0x40 ./Compents/hmc5883/hmc5883.o
 .debug_aranges
                0x00000108       0x20 ./Compents/mpu6050/myiic_g.o
 .debug_aranges
                0x00000128       0x48 ./Compents/mpu6050/mpu6050.o
 .debug_aranges
                0x00000170       0x90 ./Generated_Code/usb_framework.o
 .debug_aranges
                0x00000200       0x68 ./Generated_Code/usb_driver.o
 .debug_aranges
                0x00000268       0x58 ./Generated_Code/usb_device.o
 .debug_aranges
                0x000002c0       0xd0 ./Generated_Code/usb_dci.o
 .debug_aranges
                0x00000390       0x68 ./Generated_Code/usb_class.o
 .debug_aranges
                0x000003f8       0x18 ./Generated_Code/Vectors.o
 .debug_aranges
                0x00000410      0x100 ./Generated_Code/USB_LDD.o
 .debug_aranges
                0x00000510       0x20 ./Generated_Code/SysTick.o
 .debug_aranges
                0x00000530       0x40 ./Generated_Code/PTD0_50HZ.o
 .debug_aranges
                0x00000570       0x30 ./Generated_Code/PE_LDD.o
 .debug_aranges
                0x000005a0       0x28 ./Generated_Code/MPU6050_DRDY.o
 .debug_aranges
                0x000005c8       0x38 ./Generated_Code/Cpu.o
 .debug_aranges
                0x00000600       0x30 ./Project_Settings/Startup_Code/__arm_start.o
 .debug_aranges
                0x00000630       0x20 ./Project_Settings/Startup_Code/__arm_end.o
 .debug_aranges
                0x00000650       0x70 ./Sources/USB/usb_mems.o
 .debug_aranges
                0x000006c0       0x28 ./Sources/USB/usb_init.o
 .debug_aranges
                0x000006e8       0x50 ./Sources/usb_descriptor.o
 .debug_aranges
                0x00000738       0x20 ./Sources/ProcessorExpert.o
 .debug_aranges
                0x00000758       0x48 ./Sources/Process.o
 .debug_aranges
                0x000007a0       0x58 ./Sources/Init.o
 .debug_aranges
                0x000007f8       0x30 ./Sources/Events.o
 .debug_aranges
                0x00000828       0x28 E:/Freescale/CW MCU v10.5/MCU/ARM_GCC_Support/ewl/lib/armv6-m\librt.a(gcc_ctor_dtor.o)
 .debug_aranges
                0x00000850       0x30 E:/Freescale/CW MCU v10.5/MCU/ARM_GCC_Support/ewl/lib/armv6-m\librt.a(ROMCopy.o)
 .debug_aranges
                0x00000880       0x58 E:/Freescale/CW MCU v10.5/MCU/ARM_GCC_Support/ewl/lib/armv6-m\librt.a(__arm_eabi_init.o)
 .debug_aranges
                0x000008d8       0x40 E:/Freescale/CW MCU v10.5/MCU/ARM_GCC_Support/ewl/lib/armv6-m\libc.a(alloc.o)
 .debug_aranges
                0x00000918       0x20 E:/Freescale/CW MCU v10.5/MCU/ARM_GCC_Support/ewl/lib/armv6-m\libc.a(exit.o)
 .debug_aranges
                0x00000938       0x20 E:/Freescale/CW MCU v10.5/MCU/ARM_GCC_Support/ewl/lib/armv6-m\libc.a(memcpy.o)
 .debug_aranges
                0x00000958       0x20 E:/Freescale/CW MCU v10.5/MCU/ARM_GCC_Support/ewl/lib/armv6-m\libc.a(memset.o)
 .debug_aranges
                0x00000978       0x20 E:/Freescale/CW MCU v10.5/MCU/ARM_GCC_Support/ewl/lib/armv6-m\libc.a(__filll_mem.o)

.debug_macinfo  0x00000000   0x420fa3
 .debug_macinfo
                0x00000000    0x2d9e4 ./Compents/delay/delay.o
 .debug_macinfo
                0x0002d9e4    0x2d3b6 ./Compents/hal_iic/hal_iic.o
 .debug_macinfo
                0x0005ad9a    0x2d3d2 ./Compents/hmc5883/myiic_m.o
 .debug_macinfo
                0x0008816c    0x2f720 ./Compents/hmc5883/hmc5883.o
 .debug_macinfo
                0x000b788c    0x2d3b7 ./Compents/mpu6050/myiic_g.o
 .debug_macinfo
                0x000e4c43    0x2f806 ./Compents/mpu6050/mpu6050.o
 .debug_macinfo
                0x00114449     0x4ded ./Generated_Code/usb_framework.o
 .debug_macinfo
                0x00119236     0x46f0 ./Generated_Code/usb_driver.o
 .debug_macinfo
                0x0011d926    0x34039 ./Generated_Code/usb_device.o
 .debug_macinfo
                0x0015195f    0x338b5 ./Generated_Code/usb_dci.o
 .debug_macinfo
                0x00185214    0x2fcfe ./Generated_Code/usb_class.o
 .debug_macinfo
                0x001b4f12    0x321b2 ./Generated_Code/Vectors.o
 .debug_macinfo
                0x001e70c4    0x376b1 ./Generated_Code/USB_LDD.o
 .debug_macinfo
                0x0021e775    0x2dd18 ./Generated_Code/SysTick.o
 .debug_macinfo
                0x0024c48d    0x2ec0c ./Generated_Code/PTD0_50HZ.o
 .debug_macinfo
                0x0027b099    0x3218e ./Generated_Code/PE_LDD.o
 .debug_macinfo
                0x002ad227    0x321a6 ./Generated_Code/MPU6050_DRDY.o
 .debug_macinfo
                0x002df3cd    0x321b6 ./Generated_Code/Cpu.o
 .debug_macinfo
                0x00311583     0x3eb1 ./Project_Settings/Startup_Code/__arm_start.o
 .debug_macinfo
                0x00315434     0x349a ./Project_Settings/Startup_Code/__arm_end.o
 .debug_macinfo
                0x003188ce     0xc735 ./Sources/USB/usb_mems.o
 .debug_macinfo
                0x00325003     0x5f34 ./Sources/USB/usb_init.o
 .debug_macinfo
                0x0032af37    0x2fd02 ./Sources/usb_descriptor.o
 .debug_macinfo
                0x0035ac39    0x3249c ./Sources/ProcessorExpert.o
 .debug_macinfo
                0x0038d0d5    0x2f13d ./Sources/Process.o
 .debug_macinfo
                0x003bc212    0x3238a ./Sources/Init.o
 .debug_macinfo
                0x003ee59c    0x32a07 ./Sources/Events.o

.debug_line     0x00000000     0x692d
 .debug_line    0x00000000      0x2f5 ./Compents/delay/delay.o
 .debug_line    0x000002f5      0x306 ./Compents/hal_iic/hal_iic.o
 .debug_line    0x000005fb      0x234 ./Compents/hmc5883/myiic_m.o
 .debug_line    0x0000082f      0x4f0 ./Compents/hmc5883/hmc5883.o
 .debug_line    0x00000d1f      0x234 ./Compents/mpu6050/myiic_g.o
 .debug_line    0x00000f53      0x562 ./Compents/mpu6050/mpu6050.o
 .debug_line    0x000014b5      0x45c ./Generated_Code/usb_framework.o
 .debug_line    0x00001911      0x2e6 ./Generated_Code/usb_driver.o
 .debug_line    0x00001bf7      0x4cc ./Generated_Code/usb_device.o
 .debug_line    0x000020c3      0x564 ./Generated_Code/usb_dci.o
 .debug_line    0x00002627      0x408 ./Generated_Code/usb_class.o
 .debug_line    0x00002a2f      0x374 ./Generated_Code/Vectors.o
 .debug_line    0x00002da3      0x739 ./Generated_Code/USB_LDD.o
 .debug_line    0x000034dc      0x1d2 ./Generated_Code/SysTick.o
 .debug_line    0x000036ae      0x283 ./Generated_Code/PTD0_50HZ.o
 .debug_line    0x00003931      0x2b1 ./Generated_Code/PE_LDD.o
 .debug_line    0x00003be2      0x33a ./Generated_Code/MPU6050_DRDY.o
 .debug_line    0x00003f1c      0x3eb ./Generated_Code/Cpu.o
 .debug_line    0x00004307      0x2a4 ./Project_Settings/Startup_Code/__arm_start.o
 .debug_line    0x000045ab      0x266 ./Project_Settings/Startup_Code/__arm_end.o
 .debug_line    0x00004811      0x45e ./Sources/USB/usb_mems.o
 .debug_line    0x00004c6f      0x3a4 ./Sources/USB/usb_init.o
 .debug_line    0x00005013      0x3b9 ./Sources/usb_descriptor.o
 .debug_line    0x000053cc      0x416 ./Sources/ProcessorExpert.o
 .debug_line    0x000057e2      0x3d3 ./Sources/Process.o
 .debug_line    0x00005bb5      0x3f1 ./Sources/Init.o
 .debug_line    0x00005fa6      0x353 ./Sources/Events.o
 .debug_line    0x000062f9       0x6c E:/Freescale/CW MCU v10.5/MCU/ARM_GCC_Support/ewl/lib/armv6-m\librt.a(gcc_ctor_dtor.o)
 .debug_line    0x00006365       0xbd E:/Freescale/CW MCU v10.5/MCU/ARM_GCC_Support/ewl/lib/armv6-m\librt.a(ROMCopy.o)
 .debug_line    0x00006422      0x117 E:/Freescale/CW MCU v10.5/MCU/ARM_GCC_Support/ewl/lib/armv6-m\librt.a(__arm_eabi_init.o)
 .debug_line    0x00006539      0x156 E:/Freescale/CW MCU v10.5/MCU/ARM_GCC_Support/ewl/lib/armv6-m\libc.a(alloc.o)
 .debug_line    0x0000668f       0x8d E:/Freescale/CW MCU v10.5/MCU/ARM_GCC_Support/ewl/lib/armv6-m\libc.a(exit.o)
 .debug_line    0x0000671c       0x8b E:/Freescale/CW MCU v10.5/MCU/ARM_GCC_Support/ewl/lib/armv6-m\libc.a(memcpy.o)
 .debug_line    0x000067a7       0x90 E:/Freescale/CW MCU v10.5/MCU/ARM_GCC_Support/ewl/lib/armv6-m\libc.a(memset.o)
 .debug_line    0x00006837       0xf6 E:/Freescale/CW MCU v10.5/MCU/ARM_GCC_Support/ewl/lib/armv6-m\libc.a(__filll_mem.o)

.debug_str      0x00000000     0x343d
 .debug_str     0x00000000      0x172 ./Compents/delay/delay.o
                                0x1ab (size before relaxing)
 .debug_str     0x00000172      0x108 ./Compents/hal_iic/hal_iic.o
                                0x229 (size before relaxing)
 .debug_str     0x0000027a      0x13b ./Compents/hmc5883/myiic_m.o
                                0x286 (size before relaxing)
 .debug_str     0x000003b5       0x85 ./Compents/hmc5883/hmc5883.o
                                0x1ec (size before relaxing)
 .debug_str     0x0000043a       0x29 ./Compents/mpu6050/myiic_g.o
                                0x286 (size before relaxing)
 .debug_str     0x00000463       0x6f ./Compents/mpu6050/mpu6050.o
                                0x1f5 (size before relaxing)
 .debug_str     0x000004d2      0x35a ./Generated_Code/usb_framework.o
                                0x4ce (size before relaxing)
 .debug_str     0x0000082c      0x21d ./Generated_Code/usb_driver.o
                                0x3dd (size before relaxing)
 .debug_str     0x00000a49      0x629 ./Generated_Code/usb_device.o
                                0x81e (size before relaxing)
 .debug_str     0x00001072      0x662 ./Generated_Code/usb_dci.o
                                0x969 (size before relaxing)
 .debug_str     0x000016d4      0x123 ./Generated_Code/usb_class.o
                                0x3ab (size before relaxing)
 .debug_str     0x000017f7       0x55 ./Generated_Code/Vectors.o
                                0x175 (size before relaxing)
 .debug_str     0x0000184c      0xb29 ./Generated_Code/USB_LDD.o
                               0x15b3 (size before relaxing)
 .debug_str     0x00002375       0x29 ./Generated_Code/SysTick.o
                                0x170 (size before relaxing)
 .debug_str     0x0000239e      0x114 ./Generated_Code/PTD0_50HZ.o
                                0x2e1 (size before relaxing)
 .debug_str     0x000024b2      0x16b ./Generated_Code/PE_LDD.o
                                0x2d8 (size before relaxing)
 .debug_str     0x0000261d       0xa0 ./Generated_Code/MPU6050_DRDY.o
                                0x2c8 (size before relaxing)
 .debug_str     0x000026bd      0x17d ./Generated_Code/Cpu.o
                                0x45d (size before relaxing)
 .debug_str     0x0000283a       0x85 ./Project_Settings/Startup_Code/__arm_start.o
                                0x1a3 (size before relaxing)
 .debug_str     0x000028bf       0x3a ./Project_Settings/Startup_Code/__arm_end.o
                                 0xda (size before relaxing)
 .debug_str     0x000028f9      0x22e ./Sources/USB/usb_mems.o
                                0x626 (size before relaxing)
 .debug_str     0x00002b27       0x42 ./Sources/USB/usb_init.o
                                0x18e (size before relaxing)
 .debug_str     0x00002b69      0x236 ./Sources/usb_descriptor.o
                                0x459 (size before relaxing)
 .debug_str     0x00002d9f       0x9f ./Sources/ProcessorExpert.o
                                0x223 (size before relaxing)
 .debug_str     0x00002e3e       0xc1 ./Sources/Process.o
                                0x617 (size before relaxing)
 .debug_str     0x00002eff       0xde ./Sources/Init.o
                                0x5e7 (size before relaxing)
 .debug_str     0x00002fdd       0x46 ./Sources/Events.o
                                0x30a (size before relaxing)
 .debug_str     0x00003023      0x126 E:/Freescale/CW MCU v10.5/MCU/ARM_GCC_Support/ewl/lib/armv6-m\librt.a(gcc_ctor_dtor.o)
                                0x181 (size before relaxing)
 .debug_str     0x00003149       0x8f E:/Freescale/CW MCU v10.5/MCU/ARM_GCC_Support/ewl/lib/armv6-m\librt.a(ROMCopy.o)
                                0x13c (size before relaxing)
 .debug_str     0x000031d8       0xe9 E:/Freescale/CW MCU v10.5/MCU/ARM_GCC_Support/ewl/lib/armv6-m\librt.a(__arm_eabi_init.o)
                                0x1b5 (size before relaxing)
 .debug_str     0x000032c1       0xe9 E:/Freescale/CW MCU v10.5/MCU/ARM_GCC_Support/ewl/lib/armv6-m\libc.a(alloc.o)
                                0x200 (size before relaxing)
 .debug_str     0x000033aa       0x2e E:/Freescale/CW MCU v10.5/MCU/ARM_GCC_Support/ewl/lib/armv6-m\libc.a(exit.o)
                                0x157 (size before relaxing)
 .debug_str     0x000033d8       0x1c E:/Freescale/CW MCU v10.5/MCU/ARM_GCC_Support/ewl/lib/armv6-m\libc.a(memcpy.o)
                                0x138 (size before relaxing)
 .debug_str     0x000033f4       0x1c E:/Freescale/CW MCU v10.5/MCU/ARM_GCC_Support/ewl/lib/armv6-m\libc.a(memset.o)
                                0x140 (size before relaxing)
 .debug_str     0x00003410       0x2d E:/Freescale/CW MCU v10.5/MCU/ARM_GCC_Support/ewl/lib/armv6-m\libc.a(__filll_mem.o)
                                0x152 (size before relaxing)

.comment        0x00000000       0x79
 .comment       0x00000000       0x79 ./Compents/delay/delay.o
                                 0x7a (size before relaxing)
 .comment       0x00000000       0x7a ./Compents/hal_iic/hal_iic.o
 .comment       0x00000000       0x7a ./Compents/hmc5883/myiic_m.o
 .comment       0x00000000       0x7a ./Compents/hmc5883/hmc5883.o
 .comment       0x00000000       0x7a ./Compents/mpu6050/myiic_g.o
 .comment       0x00000000       0x7a ./Compents/mpu6050/mpu6050.o
 .comment       0x00000000       0x7a ./Generated_Code/usb_framework.o
 .comment       0x00000000       0x7a ./Generated_Code/usb_driver.o
 .comment       0x00000000       0x7a ./Generated_Code/usb_device.o
 .comment       0x00000000       0x7a ./Generated_Code/usb_dci.o
 .comment       0x00000000       0x7a ./Generated_Code/usb_class.o
 .comment       0x00000000       0x7a ./Generated_Code/Vectors.o
 .comment       0x00000000       0x7a ./Generated_Code/USB_LDD.o
 .comment       0x00000000       0x7a ./Generated_Code/SysTick.o
 .comment       0x00000000       0x7a ./Generated_Code/PTD0_50HZ.o
 .comment       0x00000000       0x7a ./Generated_Code/PE_LDD.o
 .comment       0x00000000       0x7a ./Generated_Code/MPU6050_DRDY.o
 .comment       0x00000000       0x7a ./Generated_Code/Cpu.o
 .comment       0x00000000       0x7a ./Project_Settings/Startup_Code/__arm_start.o
 .comment       0x00000000       0x7a ./Project_Settings/Startup_Code/__arm_end.o
 .comment       0x00000000       0x7a ./Sources/USB/usb_mems.o
 .comment       0x00000000       0x7a ./Sources/USB/usb_init.o
 .comment       0x00000000       0x7a ./Sources/usb_descriptor.o
 .comment       0x00000000       0x7a ./Sources/ProcessorExpert.o
 .comment       0x00000000       0x7a ./Sources/Process.o
 .comment       0x00000000       0x7a ./Sources/Init.o
 .comment       0x00000000       0x7a ./Sources/Events.o
 .comment       0x00000000       0x7a E:/Freescale/CW MCU v10.5/MCU/ARM_GCC_Support/ewl/lib/armv6-m\librt.a(gcc_ctor_dtor.o)
 .comment       0x00000000       0x7a E:/Freescale/CW MCU v10.5/MCU/ARM_GCC_Support/ewl/lib/armv6-m\librt.a(ROMCopy.o)
 .comment       0x00000000       0x7a E:/Freescale/CW MCU v10.5/MCU/ARM_GCC_Support/ewl/lib/armv6-m\librt.a(__arm_eabi_init.o)
 .comment       0x00000000       0x7a E:/Freescale/CW MCU v10.5/MCU/ARM_GCC_Support/ewl/lib/armv6-m\libc.a(alloc.o)
 .comment       0x00000000       0x7a E:/Freescale/CW MCU v10.5/MCU/ARM_GCC_Support/ewl/lib/armv6-m\libc.a(exit.o)
 .comment       0x00000000       0x7a E:/Freescale/CW MCU v10.5/MCU/ARM_GCC_Support/ewl/lib/armv6-m\libc.a(memcpy.o)
 .comment       0x00000000       0x7a E:/Freescale/CW MCU v10.5/MCU/ARM_GCC_Support/ewl/lib/armv6-m\libc.a(memset.o)
 .comment       0x00000000       0x7a E:/Freescale/CW MCU v10.5/MCU/ARM_GCC_Support/ewl/lib/armv6-m\libc.a(__filll_mem.o)

.debug_frame    0x00000000     0x1a6c
 .debug_frame   0x00000000       0x4c ./Compents/delay/delay.o
 .debug_frame   0x0000004c      0x1b0 ./Compents/hal_iic/hal_iic.o
 .debug_frame   0x000001fc       0x2c ./Compents/hmc5883/myiic_m.o
 .debug_frame   0x00000228       0xb0 ./Compents/hmc5883/hmc5883.o
 .debug_frame   0x000002d8       0x2c ./Compents/mpu6050/myiic_g.o
 .debug_frame   0x00000304       0xd0 ./Compents/mpu6050/mpu6050.o
 .debug_frame   0x000003d4      0x1f8 ./Generated_Code/usb_framework.o
 .debug_frame   0x000005cc      0x14c ./Generated_Code/usb_driver.o
 .debug_frame   0x00000718      0x110 ./Generated_Code/usb_device.o
 .debug_frame   0x00000828      0x2ec ./Generated_Code/usb_dci.o
 .debug_frame   0x00000b14      0x150 ./Generated_Code/usb_class.o
 .debug_frame   0x00000c64      0x3b0 ./Generated_Code/USB_LDD.o
 .debug_frame   0x00001014       0x2c ./Generated_Code/SysTick.o
 .debug_frame   0x00001040       0xb0 ./Generated_Code/PTD0_50HZ.o
 .debug_frame   0x000010f0       0x6c ./Generated_Code/PE_LDD.o
 .debug_frame   0x0000115c       0x50 ./Generated_Code/MPU6050_DRDY.o
 .debug_frame   0x000011ac       0x80 ./Generated_Code/Cpu.o
 .debug_frame   0x0000122c       0x4c ./Project_Settings/Startup_Code/__arm_start.o
 .debug_frame   0x00001278       0x30 ./Project_Settings/Startup_Code/__arm_end.o
 .debug_frame   0x000012a8      0x178 ./Sources/USB/usb_mems.o
 .debug_frame   0x00001420       0x50 ./Sources/USB/usb_init.o
 .debug_frame   0x00001470       0xf0 ./Sources/usb_descriptor.o
 .debug_frame   0x00001560       0x2c ./Sources/ProcessorExpert.o
 .debug_frame   0x0000158c       0xc8 ./Sources/Process.o
 .debug_frame   0x00001654       0xfc ./Sources/Init.o
 .debug_frame   0x00001750       0x68 ./Sources/Events.o
 .debug_frame   0x000017b8       0x40 E:/Freescale/CW MCU v10.5/MCU/ARM_GCC_Support/ewl/lib/armv6-m\librt.a(gcc_ctor_dtor.o)
 .debug_frame   0x000017f8       0x54 E:/Freescale/CW MCU v10.5/MCU/ARM_GCC_Support/ewl/lib/armv6-m\librt.a(ROMCopy.o)
 .debug_frame   0x0000184c       0xbc E:/Freescale/CW MCU v10.5/MCU/ARM_GCC_Support/ewl/lib/armv6-m\librt.a(__arm_eabi_init.o)
 .debug_frame   0x00001908       0x9c E:/Freescale/CW MCU v10.5/MCU/ARM_GCC_Support/ewl/lib/armv6-m\libc.a(alloc.o)
 .debug_frame   0x000019a4       0x2c E:/Freescale/CW MCU v10.5/MCU/ARM_GCC_Support/ewl/lib/armv6-m\libc.a(exit.o)
 .debug_frame   0x000019d0       0x28 E:/Freescale/CW MCU v10.5/MCU/ARM_GCC_Support/ewl/lib/armv6-m\libc.a(memcpy.o)
 .debug_frame   0x000019f8       0x28 E:/Freescale/CW MCU v10.5/MCU/ARM_GCC_Support/ewl/lib/armv6-m\libc.a(memset.o)
 .debug_frame   0x00001a20       0x2c E:/Freescale/CW MCU v10.5/MCU/ARM_GCC_Support/ewl/lib/armv6-m\libc.a(__filll_mem.o)
 .debug_frame   0x00001a4c       0x20 e:/freescale/cw mcu v10.5/cross_tools/arm-none-eabi-gcc-4_7_3/bin/../lib/gcc/arm-none-eabi/4.7.3/armv6-m\libgcc.a(_udivsi3.o)
